Component: ARM Compiler 5.05 update 1 (build 106) Tool: armlink [4d0efa]

==============================================================================

Section Cross References

    main_1.o(.text) refers to delay.o(.text) for delay_init()
    main_1.o(.text) refers to sys.o(.text) for NVIC_Configuration()
    main_1.o(.text) refers to usart.o(.text) for uart_init(unsigned)
    main_1.o(.text) refers to adc.o(.text) for Adc_Init()
    main_1.o(.text) refers to main_1.o(.data) for value_AD
    main_1.o(.ARM.exidx) refers to main_1.o(.text) for .text
    stm32f10x_it.o(.ARM.exidx) refers to stm32f10x_it.o(.text) for .text
    system_stm32f10x.o(.text) refers to system_stm32f10x.o(.data) for SystemCoreClock
    system_stm32f10x.o(.ARM.exidx) refers to system_stm32f10x.o(.text) for .text
    key.o(.text) refers to stm32f10x_rcc.o(.text) for RCC_APB2PeriphClockCmd
    key.o(.text) refers to stm32f10x_gpio.o(.text) for GPIO_Init
    key.o(.text) refers to delay.o(.text) for delay_ms(unsigned short)
    key.o(.text) refers to key.o(.data) for key_up
    key.o(.ARM.exidx) refers to key.o(.text) for .text
    led.o(.text) refers to stm32f10x_rcc.o(.text) for RCC_APB2PeriphClockCmd
    led.o(.text) refers to stm32f10x_gpio.o(.text) for GPIO_Init
    led.o(.ARM.exidx) refers to led.o(.text) for .text
    servo.o(.text) refers to stm32f10x_usart.o(.text) for USART_GetITStatus
    servo.o(.text) refers to usart.o(.text) for USARTx_printf(USART_TypeDef*, const char*, ...)
    servo.o(.text) refers to delay.o(.text) for delay_us(unsigned)
    servo.o(.text) refers to servo.o(.data) for receiveBufferEnd
    servo.o(.text) refers to servo.o(.bss) for receiveBuffer
    servo.o(.text) refers to servo.o(.constdata) for __func__
    servo.o(.text) refers to servo.o(.conststring) for .conststring
    servo.o(.text) refers to fleqf.o(x$fpl$fleqf) for __aeabi_cfcmple
    servo.o(.text) refers to frleqf.o(x$fpl$frleqf) for __aeabi_cfrcmple
    servo.o(.text) refers to f2d.o(x$fpl$f2d) for __aeabi_f2d
    servo.o(.text) refers to dmul.o(x$fpl$dmul) for __aeabi_dmul
    servo.o(.text) refers to dfixu.o(x$fpl$dfixu) for __aeabi_d2uiz
    servo.o(.text) refers to fflt_clz.o(x$fpl$ffltu) for __aeabi_ui2f
    servo.o(.text) refers to ddiv.o(x$fpl$ddiv) for __aeabi_ddiv
    servo.o(.text) refers to d2f.o(x$fpl$d2f) for __aeabi_d2f
    servo.o(.text) refers to stm32f10x_rcc.o(.text) for RCC_APB2PeriphClockCmd
    servo.o(.text) refers to stm32f10x_gpio.o(.text) for GPIO_Init
    servo.o(.text) refers to misc.o(.text) for NVIC_Init
    servo.o(.ARM.exidx) refers to servo.o(.text) for .text
    servo.o(.data) refers to servo.o(.bss) for receiveBuffer
    adc.o(.text) refers to stm32f10x_rcc.o(.text) for RCC_APB2PeriphClockCmd
    adc.o(.text) refers to stm32f10x_gpio.o(.text) for GPIO_Init
    adc.o(.text) refers to stm32f10x_adc.o(.text) for ADC_DeInit
    adc.o(.text) refers to delay.o(.text) for delay_ms(unsigned short)
    adc.o(.ARM.exidx) refers to adc.o(.text) for .text
    delay.o(.text) refers to misc.o(.text) for SysTick_CLKSourceConfig
    delay.o(.text) refers to system_stm32f10x.o(.data) for SystemCoreClock
    delay.o(.text) refers to delay.o(.data) for fac_us
    delay.o(.ARM.exidx) refers to delay.o(.text) for .text
    sys.o(.text) refers to misc.o(.text) for NVIC_PriorityGroupConfig
    sys.o(.ARM.exidx) refers to sys.o(.text) for .text
    usart.o(.text) refers to stm32f10x_usart.o(.text) for USART_SendData
    usart.o(.text) refers to stm32f10x_rcc.o(.text) for RCC_APB2PeriphClockCmd
    usart.o(.text) refers to stm32f10x_gpio.o(.text) for GPIO_Init
    usart.o(.text) refers to misc.o(.text) for NVIC_Init
    usart.o(.text) refers to usart.o(.data) for USART_RX_STA
    usart.o(.text) refers to usart.o(.bss) for USART_RX_BUF
    usart.o(.ARM.exidx) refers to usart.o(.text) for .text
    startup_stm32f10x_hd.o(STACK) refers (Special) to heapauxi.o(.text) for __use_two_region_memory
    startup_stm32f10x_hd.o(HEAP) refers (Special) to heapauxi.o(.text) for __use_two_region_memory
    startup_stm32f10x_hd.o(RESET) refers (Special) to heapauxi.o(.text) for __use_two_region_memory
    startup_stm32f10x_hd.o(RESET) refers to startup_stm32f10x_hd.o(STACK) for __initial_sp
    startup_stm32f10x_hd.o(RESET) refers to startup_stm32f10x_hd.o(.text) for Reset_Handler
    startup_stm32f10x_hd.o(RESET) refers to usart.o(.text) for USART1_IRQHandler
    startup_stm32f10x_hd.o(RESET) refers to servo.o(.text) for USART2_IRQHandler
    startup_stm32f10x_hd.o(.text) refers (Special) to heapauxi.o(.text) for __use_two_region_memory
    startup_stm32f10x_hd.o(.text) refers to system_stm32f10x.o(.text) for SystemInit
    startup_stm32f10x_hd.o(.text) refers to __main.o(!!!main) for __main
    startup_stm32f10x_hd.o(.text) refers to startup_stm32f10x_hd.o(HEAP) for Heap_Mem
    startup_stm32f10x_hd.o(.text) refers to startup_stm32f10x_hd.o(STACK) for Stack_Mem
    misc.o(.ARM.exidx) refers to misc.o(.text) for .text
    stm32f10x_gpio.o(.text) refers to stm32f10x_rcc.o(.text) for RCC_APB2PeriphResetCmd
    stm32f10x_gpio.o(.ARM.exidx) refers to stm32f10x_gpio.o(.text) for .text
    stm32f10x_rcc.o(.text) refers to stm32f10x_rcc.o(.data) for APBAHBPrescTable
    stm32f10x_rcc.o(.ARM.exidx) refers to stm32f10x_rcc.o(.text) for .text
    stm32f10x_usart.o(.text) refers to stm32f10x_rcc.o(.text) for RCC_APB2PeriphResetCmd
    stm32f10x_usart.o(.ARM.exidx) refers to stm32f10x_usart.o(.text) for .text
    stm32f10x_adc.o(.text) refers to stm32f10x_rcc.o(.text) for RCC_APB2PeriphResetCmd
    stm32f10x_adc.o(.ARM.exidx) refers to stm32f10x_adc.o(.text) for .text
    __main.o(!!!main) refers to __rtentry.o(.ARM.Collect$$rtentry$$00000000) for __rt_entry
    d2f.o(x$fpl$d2f) refers (Special) to usenofp.o(x$fpl$usenofp) for __I$use$fp
    d2f.o(x$fpl$d2f) refers to fretinf.o(x$fpl$fretinf) for __fpl_fretinf
    d2f.o(x$fpl$d2f) refers to dnaninf.o(x$fpl$dnaninf) for __fpl_dnaninf
    ddiv.o(x$fpl$drdiv) refers (Special) to usenofp.o(x$fpl$usenofp) for __I$use$fp
    ddiv.o(x$fpl$drdiv) refers to ddiv.o(x$fpl$ddiv) for ddiv_entry
    ddiv.o(x$fpl$ddiv) refers (Special) to usenofp.o(x$fpl$usenofp) for __I$use$fp
    ddiv.o(x$fpl$ddiv) refers to dretinf.o(x$fpl$dretinf) for __fpl_dretinf
    ddiv.o(x$fpl$ddiv) refers to dnaninf.o(x$fpl$dnaninf) for __fpl_dnaninf
    dfixu.o(x$fpl$dfixu) refers (Special) to usenofp.o(x$fpl$usenofp) for __I$use$fp
    dfixu.o(x$fpl$dfixu) refers to dnaninf.o(x$fpl$dnaninf) for __fpl_dnaninf
    dfixu.o(x$fpl$dfixur) refers (Special) to usenofp.o(x$fpl$usenofp) for __I$use$fp
    dfixu.o(x$fpl$dfixur) refers to dnaninf.o(x$fpl$dnaninf) for __fpl_dnaninf
    dmul.o(x$fpl$dmul) refers (Special) to usenofp.o(x$fpl$usenofp) for __I$use$fp
    dmul.o(x$fpl$dmul) refers to dretinf.o(x$fpl$dretinf) for __fpl_dretinf
    dmul.o(x$fpl$dmul) refers to dnaninf.o(x$fpl$dnaninf) for __fpl_dnaninf
    f2d.o(x$fpl$f2d) refers (Special) to usenofp.o(x$fpl$usenofp) for __I$use$fp
    f2d.o(x$fpl$f2d) refers to fnaninf.o(x$fpl$fnaninf) for __fpl_fnaninf
    f2d.o(x$fpl$f2d) refers to dretinf.o(x$fpl$dretinf) for __fpl_dretinf
    fflt_clz.o(x$fpl$ffltu) refers (Special) to usenofp.o(x$fpl$usenofp) for __I$use$fp
    fflt_clz.o(x$fpl$fflt) refers (Special) to usenofp.o(x$fpl$usenofp) for __I$use$fp
    fflt_clz.o(x$fpl$ffltn) refers (Special) to usenofp.o(x$fpl$usenofp) for __I$use$fp
    fleqf.o(x$fpl$fleqf) refers (Special) to usenofp.o(x$fpl$usenofp) for __I$use$fp
    fleqf.o(x$fpl$fleqf) refers to fnaninf.o(x$fpl$fnaninf) for __fpl_fnaninf
    fleqf.o(x$fpl$fleqf) refers to fcmpi.o(x$fpl$fcmpinf) for __fpl_fcmp_Inf
    frleqf.o(x$fpl$frleqf) refers (Special) to usenofp.o(x$fpl$usenofp) for __I$use$fp
    frleqf.o(x$fpl$frleqf) refers to fleqf.o(x$fpl$fleqf) for __fpl_fcmple_InfNaN
    __rtentry.o(.ARM.Collect$$rtentry$$00000000) refers (Special) to __rtentry2.o(.ARM.Collect$$rtentry$$0000000A) for __rt_entry_li
    __rtentry.o(.ARM.Collect$$rtentry$$00000000) refers (Special) to __rtentry2.o(.ARM.Collect$$rtentry$$0000000D) for __rt_entry_main
    __rtentry.o(.ARM.Collect$$rtentry$$00000000) refers (Special) to __rtentry2.o(.ARM.Collect$$rtentry$$0000000C) for __rt_entry_postli_1
    __rtentry.o(.ARM.Collect$$rtentry$$00000000) refers (Special) to __rtentry2.o(.ARM.Collect$$rtentry$$00000009) for __rt_entry_postsh_1
    __rtentry.o(.ARM.Collect$$rtentry$$00000000) refers (Special) to __rtentry2.o(.ARM.Collect$$rtentry$$00000002) for __rt_entry_presh_1
    __rtentry.o(.ARM.Collect$$rtentry$$00000000) refers (Special) to __rtentry4.o(.ARM.Collect$$rtentry$$00000004) for __rt_entry_sh
    dnaninf.o(x$fpl$dnaninf) refers (Special) to usenofp.o(x$fpl$usenofp) for __I$use$fp
    dretinf.o(x$fpl$dretinf) refers (Special) to usenofp.o(x$fpl$usenofp) for __I$use$fp
    fcmpi.o(x$fpl$fcmpinf) refers (Special) to usenofp.o(x$fpl$usenofp) for __I$use$fp
    fnaninf.o(x$fpl$fnaninf) refers (Special) to usenofp.o(x$fpl$usenofp) for __I$use$fp
    fretinf.o(x$fpl$fretinf) refers (Special) to usenofp.o(x$fpl$usenofp) for __I$use$fp
    __rtentry2.o(.ARM.Collect$$rtentry$$00000008) refers to boardinit2.o(.text) for _platform_post_stackheap_init
    __rtentry2.o(.ARM.Collect$$rtentry$$0000000A) refers to libinit.o(.ARM.Collect$$libinit$$00000000) for __rt_lib_init
    __rtentry2.o(.ARM.Collect$$rtentry$$0000000B) refers to boardinit3.o(.text) for _platform_post_lib_init
    __rtentry2.o(.ARM.Collect$$rtentry$$0000000D) refers to main_1.o(.text) for main
    __rtentry2.o(.ARM.Collect$$rtentry$$0000000D) refers to exit.o(.text) for exit
    __rtentry2.o(.ARM.exidx) refers to __rtentry2.o(.ARM.Collect$$rtentry$$00000001) for .ARM.Collect$$rtentry$$00000001
    __rtentry2.o(.ARM.exidx) refers to __rtentry2.o(.ARM.Collect$$rtentry$$00000008) for .ARM.Collect$$rtentry$$00000008
    __rtentry2.o(.ARM.exidx) refers to __rtentry2.o(.ARM.Collect$$rtentry$$0000000A) for .ARM.Collect$$rtentry$$0000000A
    __rtentry2.o(.ARM.exidx) refers to __rtentry2.o(.ARM.Collect$$rtentry$$0000000B) for .ARM.Collect$$rtentry$$0000000B
    __rtentry2.o(.ARM.exidx) refers to __rtentry2.o(.ARM.Collect$$rtentry$$0000000D) for .ARM.Collect$$rtentry$$0000000D
    __rtentry4.o(.ARM.Collect$$rtentry$$00000004) refers to sys_stackheap_outer.o(.text) for __user_setup_stackheap
    __rtentry4.o(.ARM.exidx) refers to __rtentry4.o(.ARM.Collect$$rtentry$$00000004) for .ARM.Collect$$rtentry$$00000004
    sys_stackheap_outer.o(.text) refers to libspace.o(.text) for __user_perproc_libspace
    sys_stackheap_outer.o(.text) refers to startup_stm32f10x_hd.o(.text) for __user_initial_stackheap
    exit.o(.text) refers to rtexit.o(.ARM.Collect$$rtexit$$00000000) for __rt_exit
    libinit.o(.ARM.Collect$$libinit$$00000000) refers (Special) to libinit2.o(.ARM.Collect$$libinit$$0000002E) for __rt_lib_init_alloca_1
    libinit.o(.ARM.Collect$$libinit$$00000000) refers (Special) to libinit2.o(.ARM.Collect$$libinit$$0000002C) for __rt_lib_init_argv_1
    libinit.o(.ARM.Collect$$libinit$$00000000) refers (Special) to libinit2.o(.ARM.Collect$$libinit$$0000001B) for __rt_lib_init_atexit_1
    libinit.o(.ARM.Collect$$libinit$$00000000) refers (Special) to libinit2.o(.ARM.Collect$$libinit$$00000021) for __rt_lib_init_clock_1
    libinit.o(.ARM.Collect$$libinit$$00000000) refers (Special) to libinit2.o(.ARM.Collect$$libinit$$00000032) for __rt_lib_init_cpp_1
    libinit.o(.ARM.Collect$$libinit$$00000000) refers (Special) to libinit2.o(.ARM.Collect$$libinit$$00000030) for __rt_lib_init_exceptions_1
    libinit.o(.ARM.Collect$$libinit$$00000000) refers (Special) to libinit2.o(.ARM.Collect$$libinit$$00000002) for __rt_lib_init_fp_1
    libinit.o(.ARM.Collect$$libinit$$00000000) refers (Special) to libinit2.o(.ARM.Collect$$libinit$$0000001F) for __rt_lib_init_fp_trap_1
    libinit.o(.ARM.Collect$$libinit$$00000000) refers (Special) to libinit2.o(.ARM.Collect$$libinit$$00000023) for __rt_lib_init_getenv_1
    libinit.o(.ARM.Collect$$libinit$$00000000) refers (Special) to libinit2.o(.ARM.Collect$$libinit$$0000000A) for __rt_lib_init_heap_1
    libinit.o(.ARM.Collect$$libinit$$00000000) refers (Special) to libinit2.o(.ARM.Collect$$libinit$$00000011) for __rt_lib_init_lc_collate_1
    libinit.o(.ARM.Collect$$libinit$$00000000) refers (Special) to libinit2.o(.ARM.Collect$$libinit$$00000013) for __rt_lib_init_lc_ctype_1
    libinit.o(.ARM.Collect$$libinit$$00000000) refers (Special) to libinit2.o(.ARM.Collect$$libinit$$00000015) for __rt_lib_init_lc_monetary_1
    libinit.o(.ARM.Collect$$libinit$$00000000) refers (Special) to libinit2.o(.ARM.Collect$$libinit$$00000017) for __rt_lib_init_lc_numeric_1
    libinit.o(.ARM.Collect$$libinit$$00000000) refers (Special) to libinit2.o(.ARM.Collect$$libinit$$00000019) for __rt_lib_init_lc_time_1
    libinit.o(.ARM.Collect$$libinit$$00000000) refers (Special) to libinit2.o(.ARM.Collect$$libinit$$00000004) for __rt_lib_init_preinit_1
    libinit.o(.ARM.Collect$$libinit$$00000000) refers (Special) to libinit2.o(.ARM.Collect$$libinit$$0000000E) for __rt_lib_init_rand_1
    libinit.o(.ARM.Collect$$libinit$$00000000) refers (Special) to libinit2.o(.ARM.Collect$$libinit$$00000033) for __rt_lib_init_return
    libinit.o(.ARM.Collect$$libinit$$00000000) refers (Special) to libinit2.o(.ARM.Collect$$libinit$$0000001D) for __rt_lib_init_signal_1
    libinit.o(.ARM.Collect$$libinit$$00000000) refers (Special) to libinit2.o(.ARM.Collect$$libinit$$00000025) for __rt_lib_init_stdio_1
    libinit.o(.ARM.Collect$$libinit$$00000000) refers (Special) to libinit2.o(.ARM.Collect$$libinit$$0000000C) for __rt_lib_init_user_alloc_1
    libspace.o(.text) refers to libspace.o(.bss) for __libspace_start
    rtexit.o(.ARM.Collect$$rtexit$$00000000) refers (Special) to rtexit2.o(.ARM.Collect$$rtexit$$00000004) for __rt_exit_exit
    rtexit.o(.ARM.Collect$$rtexit$$00000000) refers (Special) to rtexit2.o(.ARM.Collect$$rtexit$$00000003) for __rt_exit_ls
    rtexit.o(.ARM.Collect$$rtexit$$00000000) refers (Special) to rtexit2.o(.ARM.Collect$$rtexit$$00000002) for __rt_exit_prels_1
    rtexit.o(.ARM.exidx) refers (Special) to rtexit2.o(.ARM.Collect$$rtexit$$00000004) for __rt_exit_exit
    rtexit.o(.ARM.exidx) refers (Special) to rtexit2.o(.ARM.Collect$$rtexit$$00000003) for __rt_exit_ls
    rtexit.o(.ARM.exidx) refers (Special) to rtexit2.o(.ARM.Collect$$rtexit$$00000002) for __rt_exit_prels_1
    rtexit.o(.ARM.exidx) refers to rtexit.o(.ARM.Collect$$rtexit$$00000000) for .ARM.Collect$$rtexit$$00000000
    libinit2.o(.ARM.Collect$$libinit$$00000010) refers to libinit2.o(.ARM.Collect$$libinit$$0000000F) for .ARM.Collect$$libinit$$0000000F
    libinit2.o(.ARM.Collect$$libinit$$00000012) refers to libinit2.o(.ARM.Collect$$libinit$$0000000F) for .ARM.Collect$$libinit$$0000000F
    libinit2.o(.ARM.Collect$$libinit$$00000014) refers to libinit2.o(.ARM.Collect$$libinit$$0000000F) for .ARM.Collect$$libinit$$0000000F
    libinit2.o(.ARM.Collect$$libinit$$00000016) refers to libinit2.o(.ARM.Collect$$libinit$$0000000F) for .ARM.Collect$$libinit$$0000000F
    libinit2.o(.ARM.Collect$$libinit$$00000018) refers to libinit2.o(.ARM.Collect$$libinit$$0000000F) for .ARM.Collect$$libinit$$0000000F
    libinit2.o(.ARM.Collect$$libinit$$00000026) refers to argv_veneer.o(.emb_text) for __ARM_argv_veneer
    libinit2.o(.ARM.Collect$$libinit$$00000027) refers to argv_veneer.o(.emb_text) for __ARM_argv_veneer
    rtexit2.o(.ARM.Collect$$rtexit$$00000003) refers to libshutdown.o(.ARM.Collect$$libshutdown$$00000000) for __rt_lib_shutdown
    rtexit2.o(.ARM.Collect$$rtexit$$00000004) refers to sys_exit.o(.text) for _sys_exit
    rtexit2.o(.ARM.exidx) refers to rtexit2.o(.ARM.Collect$$rtexit$$00000001) for .ARM.Collect$$rtexit$$00000001
    rtexit2.o(.ARM.exidx) refers to rtexit2.o(.ARM.Collect$$rtexit$$00000003) for .ARM.Collect$$rtexit$$00000003
    rtexit2.o(.ARM.exidx) refers to rtexit2.o(.ARM.Collect$$rtexit$$00000004) for .ARM.Collect$$rtexit$$00000004
    argv_veneer.o(.emb_text) refers to no_argv.o(.text) for __ARM_get_argv
    sys_exit.o(.text) refers (Special) to use_no_semi.o(.text) for __I$use$semihosting
    sys_exit.o(.text) refers (Special) to indicate_semi.o(.text) for __semihosting_library_function
    _get_argv_nomalloc.o(.text) refers (Special) to hrguard.o(.text) for __heap_region$guard
    _get_argv_nomalloc.o(.text) refers to defsig_rtmem_outer.o(.text) for __rt_SIGRTMEM
    _get_argv_nomalloc.o(.text) refers to sys_command.o(.text) for _sys_command_string
    libshutdown.o(.ARM.Collect$$libshutdown$$00000000) refers (Special) to libshutdown2.o(.ARM.Collect$$libshutdown$$00000006) for __rt_lib_shutdown_fp_trap_1
    libshutdown.o(.ARM.Collect$$libshutdown$$00000000) refers (Special) to libshutdown2.o(.ARM.Collect$$libshutdown$$0000000E) for __rt_lib_shutdown_heap_1
    libshutdown.o(.ARM.Collect$$libshutdown$$00000000) refers (Special) to libshutdown2.o(.ARM.Collect$$libshutdown$$0000000F) for __rt_lib_shutdown_return
    libshutdown.o(.ARM.Collect$$libshutdown$$00000000) refers (Special) to libshutdown2.o(.ARM.Collect$$libshutdown$$00000009) for __rt_lib_shutdown_signal_1
    libshutdown.o(.ARM.Collect$$libshutdown$$00000000) refers (Special) to libshutdown2.o(.ARM.Collect$$libshutdown$$00000003) for __rt_lib_shutdown_stdio_1
    libshutdown.o(.ARM.Collect$$libshutdown$$00000000) refers (Special) to libshutdown2.o(.ARM.Collect$$libshutdown$$0000000B) for __rt_lib_shutdown_user_alloc_1
    sys_command.o(.text) refers (Special) to use_no_semi.o(.text) for __I$use$semihosting
    sys_command.o(.text) refers (Special) to indicate_semi.o(.text) for __semihosting_library_function
    defsig_rtmem_outer.o(.text) refers to defsig_rtmem_inner.o(.text) for __rt_SIGRTMEM_inner
    defsig_rtmem_outer.o(.text) refers to defsig_exit.o(.text) for __sig_exit
    defsig_rtmem_formal.o(.text) refers to rt_raise.o(.text) for __rt_raise
    rt_raise.o(.text) refers to __raise.o(.text) for __raise
    rt_raise.o(.text) refers to sys_exit.o(.text) for _sys_exit
    defsig_exit.o(.text) refers to sys_exit.o(.text) for _sys_exit
    defsig_rtmem_inner.o(.text) refers to defsig_general.o(.text) for __default_signal_display
    __raise.o(.text) refers to defsig.o(CL$$defsig) for __default_signal_handler
    defsig_general.o(.text) refers to sys_wrch.o(.text) for _ttywrch
    sys_wrch.o(.text) refers (Special) to use_no_semi.o(.text) for __I$use$semihosting
    sys_wrch.o(.text) refers (Special) to indicate_semi.o(.text) for __semihosting_library_function
    defsig.o(CL$$defsig) refers to defsig_rtmem_inner.o(.text) for __rt_SIGRTMEM_inner
    defsig_abrt_inner.o(.text) refers to defsig_general.o(.text) for __default_signal_display
    defsig_fpe_inner.o(.text) refers to defsig_general.o(.text) for __default_signal_display
    defsig_rtred_inner.o(.text) refers to defsig_general.o(.text) for __default_signal_display
    defsig_stak_inner.o(.text) refers to defsig_general.o(.text) for __default_signal_display
    defsig_pvfn_inner.o(.text) refers to defsig_general.o(.text) for __default_signal_display
    defsig_cppl_inner.o(.text) refers to defsig_general.o(.text) for __default_signal_display
    defsig_segv_inner.o(.text) refers to defsig_general.o(.text) for __default_signal_display
    defsig_other.o(.text) refers to defsig_general.o(.text) for __default_signal_display


==============================================================================

Removing Unused input sections from the image.

    Removing main_1.o(.ARM.exidx), (8 bytes).
    Removing stm32f10x_it.o(.text), (26 bytes).
    Removing stm32f10x_it.o(.ARM.exidx), (8 bytes).
    Removing system_stm32f10x.o(.ARM.exidx), (8 bytes).
    Removing key.o(.text), (252 bytes).
    Removing key.o(.ARM.exidx), (8 bytes).
    Removing key.o(.data), (1 bytes).
    Removing led.o(.text), (76 bytes).
    Removing led.o(.ARM.exidx), (8 bytes).
    Removing servo.o(.ARM.exidx), (8 bytes).
    Removing adc.o(.ARM.exidx), (8 bytes).
    Removing delay.o(.ARM.exidx), (8 bytes).
    Removing sys.o(.ARM.exidx), (8 bytes).
    Removing usart.o(.ARM.exidx), (8 bytes).
    Removing core_cm3.o(.emb_text), (32 bytes).
    Removing misc.o(.ARM.exidx), (8 bytes).
    Removing stm32f10x_gpio.o(.ARM.exidx), (8 bytes).
    Removing stm32f10x_rcc.o(.ARM.exidx), (8 bytes).
    Removing stm32f10x_usart.o(.ARM.exidx), (8 bytes).
    Removing stm32f10x_adc.o(.ARM.exidx), (8 bytes).

20 unused section(s) (total 507 bytes) removed from the image.

==============================================================================

Image Symbol Table

    Local Symbols

    Symbol Name                              Value     Ov Type        Size  Object(Section)

    ../clib/angel/boardlib.s                 0x00000000   Number         0  boardshut.o ABSOLUTE
    ../clib/angel/boardlib.s                 0x00000000   Number         0  boardinit3.o ABSOLUTE
    ../clib/angel/boardlib.s                 0x00000000   Number         0  boardinit2.o ABSOLUTE
    ../clib/angel/boardlib.s                 0x00000000   Number         0  boardinit1.o ABSOLUTE
    ../clib/angel/handlers.s                 0x00000000   Number         0  __scatter_zi.o ABSOLUTE
    ../clib/angel/handlers.s                 0x00000000   Number         0  __scatter_copy.o ABSOLUTE
    ../clib/angel/kernel.s                   0x00000000   Number         0  __rtentry2.o ABSOLUTE
    ../clib/angel/kernel.s                   0x00000000   Number         0  __rtentry.o ABSOLUTE
    ../clib/angel/kernel.s                   0x00000000   Number         0  rtexit2.o ABSOLUTE
    ../clib/angel/kernel.s                   0x00000000   Number         0  __rtentry4.o ABSOLUTE
    ../clib/angel/kernel.s                   0x00000000   Number         0  rtexit.o ABSOLUTE
    ../clib/angel/rt.s                       0x00000000   Number         0  rt_raise.o ABSOLUTE
    ../clib/angel/scatter.s                  0x00000000   Number         0  __scatter.o ABSOLUTE
    ../clib/angel/startup.s                  0x00000000   Number         0  __main.o ABSOLUTE
    ../clib/angel/sys.s                      0x00000000   Number         0  sys_stackheap_outer.o ABSOLUTE
    ../clib/angel/sys.s                      0x00000000   Number         0  libspace.o ABSOLUTE
    ../clib/angel/sys.s                      0x00000000   Number         0  indicate_semi.o ABSOLUTE
    ../clib/angel/sys.s                      0x00000000   Number         0  use_no_semi.o ABSOLUTE
    ../clib/angel/sysapp.c                   0x00000000   Number         0  sys_exit.o ABSOLUTE
    ../clib/angel/sysapp.c                   0x00000000   Number         0  sys_command.o ABSOLUTE
    ../clib/angel/sysapp.c                   0x00000000   Number         0  sys_wrch.o ABSOLUTE
    ../clib/armsys.c                         0x00000000   Number         0  argv_veneer.o ABSOLUTE
    ../clib/armsys.c                         0x00000000   Number         0  argv_veneer.o ABSOLUTE
    ../clib/armsys.c                         0x00000000   Number         0  _get_argv_nomalloc.o ABSOLUTE
    ../clib/armsys.c                         0x00000000   Number         0  no_argv.o ABSOLUTE
    ../clib/heapalloc.c                      0x00000000   Number         0  hrguard.o ABSOLUTE
    ../clib/heapaux.c                        0x00000000   Number         0  heapauxi.o ABSOLUTE
    ../clib/libinit.s                        0x00000000   Number         0  libshutdown2.o ABSOLUTE
    ../clib/libinit.s                        0x00000000   Number         0  libshutdown.o ABSOLUTE
    ../clib/libinit.s                        0x00000000   Number         0  libinit2.o ABSOLUTE
    ../clib/libinit.s                        0x00000000   Number         0  libinit.o ABSOLUTE
    ../clib/signal.c                         0x00000000   Number         0  defsig_abrt_inner.o ABSOLUTE
    ../clib/signal.c                         0x00000000   Number         0  defsig_general.o ABSOLUTE
    ../clib/signal.c                         0x00000000   Number         0  __raise.o ABSOLUTE
    ../clib/signal.c                         0x00000000   Number         0  defsig_fpe_inner.o ABSOLUTE
    ../clib/signal.c                         0x00000000   Number         0  defsig_rtmem_inner.o ABSOLUTE
    ../clib/signal.c                         0x00000000   Number         0  defsig_exit.o ABSOLUTE
    ../clib/signal.c                         0x00000000   Number         0  defsig_rtmem_formal.o ABSOLUTE
    ../clib/signal.c                         0x00000000   Number         0  defsig_rtmem_outer.o ABSOLUTE
    ../clib/signal.c                         0x00000000   Number         0  defsig_other.o ABSOLUTE
    ../clib/signal.c                         0x00000000   Number         0  defsig_segv_inner.o ABSOLUTE
    ../clib/signal.c                         0x00000000   Number         0  defsig_cppl_inner.o ABSOLUTE
    ../clib/signal.c                         0x00000000   Number         0  defsig_pvfn_inner.o ABSOLUTE
    ../clib/signal.c                         0x00000000   Number         0  defsig_stak_inner.o ABSOLUTE
    ../clib/signal.c                         0x00000000   Number         0  defsig_rtred_inner.o ABSOLUTE
    ../clib/signal.s                         0x00000000   Number         0  defsig.o ABSOLUTE
    ../clib/stdlib.c                         0x00000000   Number         0  exit.o ABSOLUTE
    ../fplib/d2f.s                           0x00000000   Number         0  d2f.o ABSOLUTE
    ../fplib/ddiv.s                          0x00000000   Number         0  ddiv.o ABSOLUTE
    ../fplib/dfixu.s                         0x00000000   Number         0  dfixu.o ABSOLUTE
    ../fplib/dmul.s                          0x00000000   Number         0  dmul.o ABSOLUTE
    ../fplib/dnaninf.s                       0x00000000   Number         0  dnaninf.o ABSOLUTE
    ../fplib/dretinf.s                       0x00000000   Number         0  dretinf.o ABSOLUTE
    ../fplib/f2d.s                           0x00000000   Number         0  f2d.o ABSOLUTE
    ../fplib/fcmpi.s                         0x00000000   Number         0  fcmpi.o ABSOLUTE
    ../fplib/fflt.s                          0x00000000   Number         0  fflt_clz.o ABSOLUTE
    ../fplib/fleqf.s                         0x00000000   Number         0  fleqf.o ABSOLUTE
    ../fplib/fnaninf.s                       0x00000000   Number         0  fnaninf.o ABSOLUTE
    ../fplib/fpinit.s                        0x00000000   Number         0  fpinit.o ABSOLUTE
    ../fplib/fretinf.s                       0x00000000   Number         0  fretinf.o ABSOLUTE
    ../fplib/frleqf.s                        0x00000000   Number         0  frleqf.o ABSOLUTE
    ../fplib/usenofp.s                       0x00000000   Number         0  usenofp.o ABSOLUTE
    ..\CORE\core_cm3.cpp                     0x00000000   Number         0  core_cm3.o ABSOLUTE
    ..\CORE\startup_stm32f10x_hd.s           0x00000000   Number         0  startup_stm32f10x_hd.o ABSOLUTE
    ..\HARDWARE\ADC\adc.cpp                  0x00000000   Number         0  adc.o ABSOLUTE
    ..\HARDWARE\KEY\key.cpp                  0x00000000   Number         0  key.o ABSOLUTE
    ..\HARDWARE\LED\led.cpp                  0x00000000   Number         0  led.o ABSOLUTE
    ..\HARDWARE\RS485\rs485.cpp              0x00000000   Number         0  rs485.o ABSOLUTE
    ..\HARDWARE\SERVO\servo.cpp              0x00000000   Number         0  servo.o ABSOLUTE
    ..\STM32F10x_FWLib\src\misc.cpp          0x00000000   Number         0  misc.o ABSOLUTE
    ..\STM32F10x_FWLib\src\stm32f10x_adc.cpp 0x00000000   Number         0  stm32f10x_adc.o ABSOLUTE
    ..\STM32F10x_FWLib\src\stm32f10x_gpio.cpp 0x00000000   Number         0  stm32f10x_gpio.o ABSOLUTE
    ..\STM32F10x_FWLib\src\stm32f10x_rcc.cpp 0x00000000   Number         0  stm32f10x_rcc.o ABSOLUTE
    ..\STM32F10x_FWLib\src\stm32f10x_usart.cpp 0x00000000   Number         0  stm32f10x_usart.o ABSOLUTE
    ..\SYSTEM\delay\delay.cpp                0x00000000   Number         0  delay.o ABSOLUTE
    ..\SYSTEM\sys\sys.cpp                    0x00000000   Number         0  sys.o ABSOLUTE
    ..\SYSTEM\usart\usart.cpp                0x00000000   Number         0  usart.o ABSOLUTE
    ..\\CORE\\core_cm3.cpp                   0x00000000   Number         0  core_cm3.o ABSOLUTE
    dc.s                                     0x00000000   Number         0  dc.o ABSOLUTE
    main.cpp                                 0x00000000   Number         0  main_1.o ABSOLUTE
    stm32f10x_it.cpp                         0x00000000   Number         0  stm32f10x_it.o ABSOLUTE
    system_stm32f10x.cpp                     0x00000000   Number         0  system_stm32f10x.o ABSOLUTE
    RESET                                    0x08000000   Section      304  startup_stm32f10x_hd.o(RESET)
    !!!main                                  0x08000130   Section        8  __main.o(!!!main)
    !!!scatter                               0x08000138   Section       52  __scatter.o(!!!scatter)
    !!handler_copy                           0x0800016c   Section       26  __scatter_copy.o(!!handler_copy)
    !!handler_zi                             0x08000188   Section       28  __scatter_zi.o(!!handler_zi)
    .ARM.Collect$$libinit$$00000000          0x080001a4   Section        2  libinit.o(.ARM.Collect$$libinit$$00000000)
    .ARM.Collect$$libinit$$00000002          0x080001a6   Section        0  libinit2.o(.ARM.Collect$$libinit$$00000002)
    .ARM.Collect$$libinit$$00000004          0x080001a6   Section        0  libinit2.o(.ARM.Collect$$libinit$$00000004)
    .ARM.Collect$$libinit$$0000000A          0x080001a6   Section        0  libinit2.o(.ARM.Collect$$libinit$$0000000A)
    .ARM.Collect$$libinit$$0000000C          0x080001a6   Section        0  libinit2.o(.ARM.Collect$$libinit$$0000000C)
    .ARM.Collect$$libinit$$0000000E          0x080001a6   Section        0  libinit2.o(.ARM.Collect$$libinit$$0000000E)
    .ARM.Collect$$libinit$$00000011          0x080001a6   Section        0  libinit2.o(.ARM.Collect$$libinit$$00000011)
    .ARM.Collect$$libinit$$00000013          0x080001a6   Section        0  libinit2.o(.ARM.Collect$$libinit$$00000013)
    .ARM.Collect$$libinit$$00000015          0x080001a6   Section        0  libinit2.o(.ARM.Collect$$libinit$$00000015)
    .ARM.Collect$$libinit$$00000017          0x080001a6   Section        0  libinit2.o(.ARM.Collect$$libinit$$00000017)
    .ARM.Collect$$libinit$$00000019          0x080001a6   Section        0  libinit2.o(.ARM.Collect$$libinit$$00000019)
    .ARM.Collect$$libinit$$0000001B          0x080001a6   Section        0  libinit2.o(.ARM.Collect$$libinit$$0000001B)
    .ARM.Collect$$libinit$$0000001D          0x080001a6   Section        0  libinit2.o(.ARM.Collect$$libinit$$0000001D)
    .ARM.Collect$$libinit$$0000001F          0x080001a6   Section        0  libinit2.o(.ARM.Collect$$libinit$$0000001F)
    .ARM.Collect$$libinit$$00000021          0x080001a6   Section        0  libinit2.o(.ARM.Collect$$libinit$$00000021)
    .ARM.Collect$$libinit$$00000023          0x080001a6   Section        0  libinit2.o(.ARM.Collect$$libinit$$00000023)
    .ARM.Collect$$libinit$$00000025          0x080001a6   Section        0  libinit2.o(.ARM.Collect$$libinit$$00000025)
    .ARM.Collect$$libinit$$0000002C          0x080001a6   Section        0  libinit2.o(.ARM.Collect$$libinit$$0000002C)
    .ARM.Collect$$libinit$$0000002E          0x080001a6   Section        0  libinit2.o(.ARM.Collect$$libinit$$0000002E)
    .ARM.Collect$$libinit$$00000030          0x080001a6   Section        0  libinit2.o(.ARM.Collect$$libinit$$00000030)
    .ARM.Collect$$libinit$$00000032          0x080001a6   Section        0  libinit2.o(.ARM.Collect$$libinit$$00000032)
    .ARM.Collect$$libinit$$00000033          0x080001a6   Section        2  libinit2.o(.ARM.Collect$$libinit$$00000033)
    .ARM.Collect$$libshutdown$$00000000      0x080001a8   Section        2  libshutdown.o(.ARM.Collect$$libshutdown$$00000000)
    .ARM.Collect$$libshutdown$$00000003      0x080001aa   Section        0  libshutdown2.o(.ARM.Collect$$libshutdown$$00000003)
    .ARM.Collect$$libshutdown$$00000006      0x080001aa   Section        0  libshutdown2.o(.ARM.Collect$$libshutdown$$00000006)
    .ARM.Collect$$libshutdown$$00000009      0x080001aa   Section        0  libshutdown2.o(.ARM.Collect$$libshutdown$$00000009)
    .ARM.Collect$$libshutdown$$0000000B      0x080001aa   Section        0  libshutdown2.o(.ARM.Collect$$libshutdown$$0000000B)
    .ARM.Collect$$libshutdown$$0000000E      0x080001aa   Section        0  libshutdown2.o(.ARM.Collect$$libshutdown$$0000000E)
    .ARM.Collect$$libshutdown$$0000000F      0x080001aa   Section        2  libshutdown2.o(.ARM.Collect$$libshutdown$$0000000F)
    .ARM.Collect$$rtentry$$00000000          0x080001ac   Section        0  __rtentry.o(.ARM.Collect$$rtentry$$00000000)
    .ARM.Collect$$rtentry$$00000002          0x080001ac   Section        0  __rtentry2.o(.ARM.Collect$$rtentry$$00000002)
    .ARM.Collect$$rtentry$$00000004          0x080001ac   Section        6  __rtentry4.o(.ARM.Collect$$rtentry$$00000004)
    .ARM.Collect$$rtentry$$00000009          0x080001b2   Section        0  __rtentry2.o(.ARM.Collect$$rtentry$$00000009)
    .ARM.Collect$$rtentry$$0000000A          0x080001b2   Section        4  __rtentry2.o(.ARM.Collect$$rtentry$$0000000A)
    .ARM.Collect$$rtentry$$0000000C          0x080001b6   Section        0  __rtentry2.o(.ARM.Collect$$rtentry$$0000000C)
    .ARM.Collect$$rtentry$$0000000D          0x080001b6   Section        8  __rtentry2.o(.ARM.Collect$$rtentry$$0000000D)
    .ARM.Collect$$rtexit$$00000000           0x080001be   Section        2  rtexit.o(.ARM.Collect$$rtexit$$00000000)
    .ARM.Collect$$rtexit$$00000002           0x080001c0   Section        0  rtexit2.o(.ARM.Collect$$rtexit$$00000002)
    .ARM.Collect$$rtexit$$00000003           0x080001c0   Section        4  rtexit2.o(.ARM.Collect$$rtexit$$00000003)
    .ARM.Collect$$rtexit$$00000004           0x080001c4   Section        6  rtexit2.o(.ARM.Collect$$rtexit$$00000004)
    .text                                    0x080001cc   Section        0  main_1.o(.text)
    .text                                    0x080002bc   Section        0  system_stm32f10x.o(.text)
    SetSysClockTo72()                        0x080002bd   Thumb Code   214  system_stm32f10x.o(.text)
    SetSysClock()                            0x08000393   Thumb Code     8  system_stm32f10x.o(.text)
    .text                                    0x0800049c   Section        0  servo.o(.text)
    .text                                    0x08000c40   Section        0  adc.o(.text)
    .text                                    0x08000d28   Section        0  delay.o(.text)
    .text                                    0x08000dfc   Section        0  sys.o(.text)
    .text                                    0x08000e08   Section        0  usart.o(.text)
    itoa(int, char*, int)                    0x08000e09   Thumb Code    98  usart.o(.text)
    .text                                    0x08001098   Section       64  startup_stm32f10x_hd.o(.text)
    .text                                    0x080010d8   Section        0  misc.o(.text)
    .text                                    0x080011b4   Section        0  stm32f10x_gpio.o(.text)
    .text                                    0x08001510   Section        0  stm32f10x_rcc.o(.text)
    .text                                    0x080018b4   Section        0  stm32f10x_usart.o(.text)
    .text                                    0x08001cbc   Section        0  stm32f10x_adc.o(.text)
    .text                                    0x0800210a   Section        0  heapauxi.o(.text)
    .text                                    0x08002110   Section       74  sys_stackheap_outer.o(.text)
    .text                                    0x0800215a   Section        0  exit.o(.text)
    .text                                    0x08002168   Section        8  libspace.o(.text)
    .text                                    0x08002170   Section        0  sys_exit.o(.text)
    .text                                    0x0800217c   Section        2  use_no_semi.o(.text)
    .text                                    0x0800217e   Section        0  indicate_semi.o(.text)
    x$fpl$d2f                                0x08002180   Section       98  d2f.o(x$fpl$d2f)
    x$fpl$ddiv                               0x080021e4   Section      688  ddiv.o(x$fpl$ddiv)
    ddiv_entry                               0x080021eb   Thumb Code     0  ddiv.o(x$fpl$ddiv)
    x$fpl$dfixu                              0x08002494   Section       90  dfixu.o(x$fpl$dfixu)
    x$fpl$dmul                               0x080024f0   Section      340  dmul.o(x$fpl$dmul)
    x$fpl$dnaninf                            0x08002644   Section      156  dnaninf.o(x$fpl$dnaninf)
    x$fpl$dretinf                            0x080026e0   Section       12  dretinf.o(x$fpl$dretinf)
    x$fpl$f2d                                0x080026ec   Section       86  f2d.o(x$fpl$f2d)
    x$fpl$fcmpinf                            0x08002742   Section       24  fcmpi.o(x$fpl$fcmpinf)
    x$fpl$ffltu                              0x0800275c   Section       38  fflt_clz.o(x$fpl$ffltu)
    x$fpl$fleqf                              0x08002784   Section      104  fleqf.o(x$fpl$fleqf)
    x$fpl$fnaninf                            0x080027ec   Section      140  fnaninf.o(x$fpl$fnaninf)
    x$fpl$fretinf                            0x08002878   Section       10  fretinf.o(x$fpl$fretinf)
    x$fpl$frleqf                             0x08002882   Section       98  frleqf.o(x$fpl$frleqf)
    .constdata                               0x080028e4   Section       37  servo.o(.constdata)
    x$fpl$usenofp                            0x080028e4   Section        0  usenofp.o(x$fpl$usenofp)
    __func__                                 0x080028e4   Data          17  servo.o(.constdata)
    __func__                                 0x080028f5   Data          20  servo.o(.constdata)
    .conststring                             0x0800290c   Section      378  servo.o(.conststring)
    .data                                    0x20000000   Section       16  main_1.o(.data)
    .data                                    0x20000010   Section       20  system_stm32f10x.o(.data)
    .data                                    0x20000024   Section       12  servo.o(.data)
    .data                                    0x20000030   Section        4  delay.o(.data)
    fac_us                                   0x20000030   Data           1  delay.o(.data)
    fac_ms                                   0x20000032   Data           2  delay.o(.data)
    .data                                    0x20000034   Section        2  usart.o(.data)
    .data                                    0x20000036   Section       20  stm32f10x_rcc.o(.data)
    APBAHBPrescTable                         0x20000036   Data          16  stm32f10x_rcc.o(.data)
    ADCPrescTable                            0x20000046   Data           4  stm32f10x_rcc.o(.data)
    .bss                                     0x2000004c   Section       32  servo.o(.bss)
    .bss                                     0x2000006c   Section      200  usart.o(.bss)
    .bss                                     0x20000134   Section       96  libspace.o(.bss)
    HEAP                                     0x20000198   Section      512  startup_stm32f10x_hd.o(HEAP)
    Heap_Mem                                 0x20000198   Data         512  startup_stm32f10x_hd.o(HEAP)
    STACK                                    0x20000398   Section     1024  startup_stm32f10x_hd.o(STACK)
    Stack_Mem                                0x20000398   Data        1024  startup_stm32f10x_hd.o(STACK)
    __initial_sp                             0x20000798   Data           0  startup_stm32f10x_hd.o(STACK)

    Global Symbols

    Symbol Name                              Value     Ov Type        Size  Object(Section)

    BuildAttributes$$THM_ISAv4$P$D$K$B$S$PE$A:L22UL41UL21$X:L11$S22US41US21$IEEE1$IW$USESV6$~STKCKD$USESV7$~SHL$OSPACE$ROPI$EBA8$UX$STANDARDLIB$REQ8$PRES8$EABIv2 0x00000000   Number         0  anon$$obj.o ABSOLUTE
    __ARM_use_no_argv                        0x00000000   Number         0  main_1.o ABSOLUTE
    __ARM_exceptions_init                     - Undefined Weak Reference
    __alloca_initialize                       - Undefined Weak Reference
    __arm_preinit_                            - Undefined Weak Reference
    __cpp_initialize__aeabi_                  - Undefined Weak Reference
    __cxa_finalize                            - Undefined Weak Reference
    __rt_locale                               - Undefined Weak Reference
    __sigvec_lookup                           - Undefined Weak Reference
    _atexit_init                              - Undefined Weak Reference
    _call_atexit_fns                          - Undefined Weak Reference
    _clock_init                               - Undefined Weak Reference
    _fp_trap_init                             - Undefined Weak Reference
    _fp_trap_shutdown                         - Undefined Weak Reference
    _get_lc_collate                           - Undefined Weak Reference
    _get_lc_ctype                             - Undefined Weak Reference
    _get_lc_monetary                          - Undefined Weak Reference
    _get_lc_numeric                           - Undefined Weak Reference
    _get_lc_time                              - Undefined Weak Reference
    _getenv_init                              - Undefined Weak Reference
    _handle_redirection                       - Undefined Weak Reference
    _init_alloc                               - Undefined Weak Reference
    _init_user_alloc                          - Undefined Weak Reference
    _initio                                   - Undefined Weak Reference
    _rand_init                                - Undefined Weak Reference
    _signal_finish                            - Undefined Weak Reference
    _signal_init                              - Undefined Weak Reference
    _terminate_alloc                          - Undefined Weak Reference
    _terminate_user_alloc                     - Undefined Weak Reference
    _terminateio                              - Undefined Weak Reference
    __Vectors_Size                           0x00000130   Number         0  startup_stm32f10x_hd.o ABSOLUTE
    __Vectors                                0x08000000   Data           4  startup_stm32f10x_hd.o(RESET)
    __Vectors_End                            0x08000130   Data           0  startup_stm32f10x_hd.o(RESET)
    __main                                   0x08000131   Thumb Code     8  __main.o(!!!main)
    __scatterload                            0x08000139   Thumb Code     0  __scatter.o(!!!scatter)
    __scatterload_rt2                        0x08000139   Thumb Code    44  __scatter.o(!!!scatter)
    __scatterload_rt2_thumb_only             0x08000139   Thumb Code     0  __scatter.o(!!!scatter)
    __scatterload_null                       0x08000147   Thumb Code     0  __scatter.o(!!!scatter)
    __scatterload_copy                       0x0800016d   Thumb Code    26  __scatter_copy.o(!!handler_copy)
    __scatterload_zeroinit                   0x08000189   Thumb Code    28  __scatter_zi.o(!!handler_zi)
    __rt_lib_init                            0x080001a5   Thumb Code     0  libinit.o(.ARM.Collect$$libinit$$00000000)
    __rt_lib_init_alloca_1                   0x080001a7   Thumb Code     0  libinit2.o(.ARM.Collect$$libinit$$0000002E)
    __rt_lib_init_argv_1                     0x080001a7   Thumb Code     0  libinit2.o(.ARM.Collect$$libinit$$0000002C)
    __rt_lib_init_atexit_1                   0x080001a7   Thumb Code     0  libinit2.o(.ARM.Collect$$libinit$$0000001B)
    __rt_lib_init_clock_1                    0x080001a7   Thumb Code     0  libinit2.o(.ARM.Collect$$libinit$$00000021)
    __rt_lib_init_cpp_1                      0x080001a7   Thumb Code     0  libinit2.o(.ARM.Collect$$libinit$$00000032)
    __rt_lib_init_exceptions_1               0x080001a7   Thumb Code     0  libinit2.o(.ARM.Collect$$libinit$$00000030)
    __rt_lib_init_fp_1                       0x080001a7   Thumb Code     0  libinit2.o(.ARM.Collect$$libinit$$00000002)
    __rt_lib_init_fp_trap_1                  0x080001a7   Thumb Code     0  libinit2.o(.ARM.Collect$$libinit$$0000001F)
    __rt_lib_init_getenv_1                   0x080001a7   Thumb Code     0  libinit2.o(.ARM.Collect$$libinit$$00000023)
    __rt_lib_init_heap_1                     0x080001a7   Thumb Code     0  libinit2.o(.ARM.Collect$$libinit$$0000000A)
    __rt_lib_init_lc_collate_1               0x080001a7   Thumb Code     0  libinit2.o(.ARM.Collect$$libinit$$00000011)
    __rt_lib_init_lc_ctype_1                 0x080001a7   Thumb Code     0  libinit2.o(.ARM.Collect$$libinit$$00000013)
    __rt_lib_init_lc_monetary_1              0x080001a7   Thumb Code     0  libinit2.o(.ARM.Collect$$libinit$$00000015)
    __rt_lib_init_lc_numeric_1               0x080001a7   Thumb Code     0  libinit2.o(.ARM.Collect$$libinit$$00000017)
    __rt_lib_init_lc_time_1                  0x080001a7   Thumb Code     0  libinit2.o(.ARM.Collect$$libinit$$00000019)
    __rt_lib_init_preinit_1                  0x080001a7   Thumb Code     0  libinit2.o(.ARM.Collect$$libinit$$00000004)
    __rt_lib_init_rand_1                     0x080001a7   Thumb Code     0  libinit2.o(.ARM.Collect$$libinit$$0000000E)
    __rt_lib_init_return                     0x080001a7   Thumb Code     0  libinit2.o(.ARM.Collect$$libinit$$00000033)
    __rt_lib_init_signal_1                   0x080001a7   Thumb Code     0  libinit2.o(.ARM.Collect$$libinit$$0000001D)
    __rt_lib_init_stdio_1                    0x080001a7   Thumb Code     0  libinit2.o(.ARM.Collect$$libinit$$00000025)
    __rt_lib_init_user_alloc_1               0x080001a7   Thumb Code     0  libinit2.o(.ARM.Collect$$libinit$$0000000C)
    __rt_lib_shutdown                        0x080001a9   Thumb Code     0  libshutdown.o(.ARM.Collect$$libshutdown$$00000000)
    __rt_lib_shutdown_fp_trap_1              0x080001ab   Thumb Code     0  libshutdown2.o(.ARM.Collect$$libshutdown$$00000006)
    __rt_lib_shutdown_heap_1                 0x080001ab   Thumb Code     0  libshutdown2.o(.ARM.Collect$$libshutdown$$0000000E)
    __rt_lib_shutdown_return                 0x080001ab   Thumb Code     0  libshutdown2.o(.ARM.Collect$$libshutdown$$0000000F)
    __rt_lib_shutdown_signal_1               0x080001ab   Thumb Code     0  libshutdown2.o(.ARM.Collect$$libshutdown$$00000009)
    __rt_lib_shutdown_stdio_1                0x080001ab   Thumb Code     0  libshutdown2.o(.ARM.Collect$$libshutdown$$00000003)
    __rt_lib_shutdown_user_alloc_1           0x080001ab   Thumb Code     0  libshutdown2.o(.ARM.Collect$$libshutdown$$0000000B)
    __rt_entry                               0x080001ad   Thumb Code     0  __rtentry.o(.ARM.Collect$$rtentry$$00000000)
    __rt_entry_presh_1                       0x080001ad   Thumb Code     0  __rtentry2.o(.ARM.Collect$$rtentry$$00000002)
    __rt_entry_sh                            0x080001ad   Thumb Code     0  __rtentry4.o(.ARM.Collect$$rtentry$$00000004)
    __rt_entry_li                            0x080001b3   Thumb Code     0  __rtentry2.o(.ARM.Collect$$rtentry$$0000000A)
    __rt_entry_postsh_1                      0x080001b3   Thumb Code     0  __rtentry2.o(.ARM.Collect$$rtentry$$00000009)
    __rt_entry_main                          0x080001b7   Thumb Code     0  __rtentry2.o(.ARM.Collect$$rtentry$$0000000D)
    __rt_entry_postli_1                      0x080001b7   Thumb Code     0  __rtentry2.o(.ARM.Collect$$rtentry$$0000000C)
    __rt_exit                                0x080001bf   Thumb Code     0  rtexit.o(.ARM.Collect$$rtexit$$00000000)
    __rt_exit_ls                             0x080001c1   Thumb Code     0  rtexit2.o(.ARM.Collect$$rtexit$$00000003)
    __rt_exit_prels_1                        0x080001c1   Thumb Code     0  rtexit2.o(.ARM.Collect$$rtexit$$00000002)
    __rt_exit_exit                           0x080001c5   Thumb Code     0  rtexit2.o(.ARM.Collect$$rtexit$$00000004)
    map(long, long, long, long, long)        0x080001cd   Thumb Code    22  main_1.o(.text)
    main                                     0x080001e3   Thumb Code   174  main_1.o(.text)
    SystemInit                               0x0800039b   Thumb Code    78  system_stm32f10x.o(.text)
    SystemCoreClockUpdate                    0x080003e9   Thumb Code   142  system_stm32f10x.o(.text)
    clearServoReceiveBuffer()                0x0800049d   Thumb Code    10  servo.o(.text)
    USART2_IRQHandler                        0x080004a7   Thumb Code    58  servo.o(.text)
    Servo::getServoByte()                    0x080004e1   Thumb Code    36  servo.o(.text)
    Servo::getServoBytesAvailable()          0x08000505   Thumb Code    26  servo.o(.text)
    Servo::getServoResponse()                0x0800051f   Thumb Code   314  servo.o(.text)
    Servo::getAndCheckResponse(unsigned char) 0x08000659   Thumb Code   106  servo.o(.text)
    Servo::sendServoByte(unsigned char)      0x080006c3   Thumb Code    40  servo.o(.text)
    Servo::sendServoCommand(unsigned char, ServoCommand, unsigned char, const unsigned char*) 0x080006eb   Thumb Code   118  servo.o(.text)
    Servo::pingServo(unsigned char)          0x08000761   Thumb Code    40  servo.o(.text)
    Servo::setServoReturnDelayMicros(unsigned char, unsigned short) 0x08000789   Thumb Code    72  servo.o(.text)
    Servo::setServoBlinkConditions(unsigned char, unsigned char) 0x080007d1   Thumb Code    52  servo.o(.text)
    Servo::setServoShutdownConditions(unsigned char, unsigned char) 0x08000805   Thumb Code    52  servo.o(.text)
    Servo::setServoTorque(unsigned char, unsigned short) 0x08000839   Thumb Code   280  servo.o(.text)
    Servo::getServoTorque(unsigned char, unsigned short*) 0x08000951   Thumb Code    72  servo.o(.text)
    Servo::setServoMaxSpeed(unsigned char, unsigned short) 0x08000999   Thumb Code    76  servo.o(.text)
    Servo::getServoMaxSpeed(unsigned char, unsigned short*) 0x080009e5   Thumb Code    72  servo.o(.text)
    Servo::getServoCurrentVelocity(unsigned char, short*) 0x08000a2d   Thumb Code    70  servo.o(.text)
    Servo::setServoAngle(unsigned char, float) 0x08000a73   Thumb Code   116  servo.o(.text)
    Servo::getServoAngle(unsigned char, float*) 0x08000ae7   Thumb Code   118  servo.o(.text)
    Servo::initServoUSART()                  0x08000b5d   Thumb Code   174  servo.o(.text)
    Adc_Init()                               0x08000c41   Thumb Code   132  adc.o(.text)
    Get_Adc(unsigned char)                   0x08000cc5   Thumb Code    46  adc.o(.text)
    Get_Adc_Average(unsigned char, unsigned char) 0x08000cf3   Thumb Code    46  adc.o(.text)
    delay_init()                             0x08000d29   Thumb Code    50  delay.o(.text)
    delay_us(unsigned)                       0x08000d5b   Thumb Code    72  delay.o(.text)
    delay_ms(unsigned short)                 0x08000da3   Thumb Code    72  delay.o(.text)
    NVIC_Configuration()                     0x08000dfd   Thumb Code    12  sys.o(.text)
    USARTx_printf(USART_TypeDef*, const char*, ...) 0x08000e6b   Thumb Code   262  usart.o(.text)
    uart_init(unsigned)                      0x08000f71   Thumb Code   158  usart.o(.text)
    USART1_IRQHandler                        0x0800100f   Thumb Code   122  usart.o(.text)
    Reset_Handler                            0x08001099   Thumb Code     8  startup_stm32f10x_hd.o(.text)
    NMI_Handler                              0x080010a1   Thumb Code     2  startup_stm32f10x_hd.o(.text)
    HardFault_Handler                        0x080010a3   Thumb Code     2  startup_stm32f10x_hd.o(.text)
    MemManage_Handler                        0x080010a5   Thumb Code     2  startup_stm32f10x_hd.o(.text)
    BusFault_Handler                         0x080010a7   Thumb Code     2  startup_stm32f10x_hd.o(.text)
    UsageFault_Handler                       0x080010a9   Thumb Code     2  startup_stm32f10x_hd.o(.text)
    SVC_Handler                              0x080010ab   Thumb Code     2  startup_stm32f10x_hd.o(.text)
    DebugMon_Handler                         0x080010ad   Thumb Code     2  startup_stm32f10x_hd.o(.text)
    PendSV_Handler                           0x080010af   Thumb Code     2  startup_stm32f10x_hd.o(.text)
    SysTick_Handler                          0x080010b1   Thumb Code     2  startup_stm32f10x_hd.o(.text)
    ADC1_2_IRQHandler                        0x080010b3   Thumb Code     0  startup_stm32f10x_hd.o(.text)
    ADC3_IRQHandler                          0x080010b3   Thumb Code     0  startup_stm32f10x_hd.o(.text)
    CAN1_RX1_IRQHandler                      0x080010b3   Thumb Code     0  startup_stm32f10x_hd.o(.text)
    CAN1_SCE_IRQHandler                      0x080010b3   Thumb Code     0  startup_stm32f10x_hd.o(.text)
    DMA1_Channel1_IRQHandler                 0x080010b3   Thumb Code     0  startup_stm32f10x_hd.o(.text)
    DMA1_Channel2_IRQHandler                 0x080010b3   Thumb Code     0  startup_stm32f10x_hd.o(.text)
    DMA1_Channel3_IRQHandler                 0x080010b3   Thumb Code     0  startup_stm32f10x_hd.o(.text)
    DMA1_Channel4_IRQHandler                 0x080010b3   Thumb Code     0  startup_stm32f10x_hd.o(.text)
    DMA1_Channel5_IRQHandler                 0x080010b3   Thumb Code     0  startup_stm32f10x_hd.o(.text)
    DMA1_Channel6_IRQHandler                 0x080010b3   Thumb Code     0  startup_stm32f10x_hd.o(.text)
    DMA1_Channel7_IRQHandler                 0x080010b3   Thumb Code     0  startup_stm32f10x_hd.o(.text)
    DMA2_Channel1_IRQHandler                 0x080010b3   Thumb Code     0  startup_stm32f10x_hd.o(.text)
    DMA2_Channel2_IRQHandler                 0x080010b3   Thumb Code     0  startup_stm32f10x_hd.o(.text)
    DMA2_Channel3_IRQHandler                 0x080010b3   Thumb Code     0  startup_stm32f10x_hd.o(.text)
    DMA2_Channel4_5_IRQHandler               0x080010b3   Thumb Code     0  startup_stm32f10x_hd.o(.text)
    EXTI0_IRQHandler                         0x080010b3   Thumb Code     0  startup_stm32f10x_hd.o(.text)
    EXTI15_10_IRQHandler                     0x080010b3   Thumb Code     0  startup_stm32f10x_hd.o(.text)
    EXTI1_IRQHandler                         0x080010b3   Thumb Code     0  startup_stm32f10x_hd.o(.text)
    EXTI2_IRQHandler                         0x080010b3   Thumb Code     0  startup_stm32f10x_hd.o(.text)
    EXTI3_IRQHandler                         0x080010b3   Thumb Code     0  startup_stm32f10x_hd.o(.text)
    EXTI4_IRQHandler                         0x080010b3   Thumb Code     0  startup_stm32f10x_hd.o(.text)
    EXTI9_5_IRQHandler                       0x080010b3   Thumb Code     0  startup_stm32f10x_hd.o(.text)
    FLASH_IRQHandler                         0x080010b3   Thumb Code     0  startup_stm32f10x_hd.o(.text)
    FSMC_IRQHandler                          0x080010b3   Thumb Code     0  startup_stm32f10x_hd.o(.text)
    I2C1_ER_IRQHandler                       0x080010b3   Thumb Code     0  startup_stm32f10x_hd.o(.text)
    I2C1_EV_IRQHandler                       0x080010b3   Thumb Code     0  startup_stm32f10x_hd.o(.text)
    I2C2_ER_IRQHandler                       0x080010b3   Thumb Code     0  startup_stm32f10x_hd.o(.text)
    I2C2_EV_IRQHandler                       0x080010b3   Thumb Code     0  startup_stm32f10x_hd.o(.text)
    PVD_IRQHandler                           0x080010b3   Thumb Code     0  startup_stm32f10x_hd.o(.text)
    RCC_IRQHandler                           0x080010b3   Thumb Code     0  startup_stm32f10x_hd.o(.text)
    RTCAlarm_IRQHandler                      0x080010b3   Thumb Code     0  startup_stm32f10x_hd.o(.text)
    RTC_IRQHandler                           0x080010b3   Thumb Code     0  startup_stm32f10x_hd.o(.text)
    SDIO_IRQHandler                          0x080010b3   Thumb Code     0  startup_stm32f10x_hd.o(.text)
    SPI1_IRQHandler                          0x080010b3   Thumb Code     0  startup_stm32f10x_hd.o(.text)
    SPI2_IRQHandler                          0x080010b3   Thumb Code     0  startup_stm32f10x_hd.o(.text)
    SPI3_IRQHandler                          0x080010b3   Thumb Code     0  startup_stm32f10x_hd.o(.text)
    TAMPER_IRQHandler                        0x080010b3   Thumb Code     0  startup_stm32f10x_hd.o(.text)
    TIM1_BRK_IRQHandler                      0x080010b3   Thumb Code     0  startup_stm32f10x_hd.o(.text)
    TIM1_CC_IRQHandler                       0x080010b3   Thumb Code     0  startup_stm32f10x_hd.o(.text)
    TIM1_TRG_COM_IRQHandler                  0x080010b3   Thumb Code     0  startup_stm32f10x_hd.o(.text)
    TIM1_UP_IRQHandler                       0x080010b3   Thumb Code     0  startup_stm32f10x_hd.o(.text)
    TIM2_IRQHandler                          0x080010b3   Thumb Code     0  startup_stm32f10x_hd.o(.text)
    TIM3_IRQHandler                          0x080010b3   Thumb Code     0  startup_stm32f10x_hd.o(.text)
    TIM4_IRQHandler                          0x080010b3   Thumb Code     0  startup_stm32f10x_hd.o(.text)
    TIM5_IRQHandler                          0x080010b3   Thumb Code     0  startup_stm32f10x_hd.o(.text)
    TIM6_IRQHandler                          0x080010b3   Thumb Code     0  startup_stm32f10x_hd.o(.text)
    TIM7_IRQHandler                          0x080010b3   Thumb Code     0  startup_stm32f10x_hd.o(.text)
    TIM8_BRK_IRQHandler                      0x080010b3   Thumb Code     0  startup_stm32f10x_hd.o(.text)
    TIM8_CC_IRQHandler                       0x080010b3   Thumb Code     0  startup_stm32f10x_hd.o(.text)
    TIM8_TRG_COM_IRQHandler                  0x080010b3   Thumb Code     0  startup_stm32f10x_hd.o(.text)
    TIM8_UP_IRQHandler                       0x080010b3   Thumb Code     0  startup_stm32f10x_hd.o(.text)
    UART4_IRQHandler                         0x080010b3   Thumb Code     0  startup_stm32f10x_hd.o(.text)
    UART5_IRQHandler                         0x080010b3   Thumb Code     0  startup_stm32f10x_hd.o(.text)
    USART3_IRQHandler                        0x080010b3   Thumb Code     0  startup_stm32f10x_hd.o(.text)
    USBWakeUp_IRQHandler                     0x080010b3   Thumb Code     0  startup_stm32f10x_hd.o(.text)
    USB_HP_CAN1_TX_IRQHandler                0x080010b3   Thumb Code     0  startup_stm32f10x_hd.o(.text)
    USB_LP_CAN1_RX0_IRQHandler               0x080010b3   Thumb Code     0  startup_stm32f10x_hd.o(.text)
    WWDG_IRQHandler                          0x080010b3   Thumb Code     0  startup_stm32f10x_hd.o(.text)
    __user_initial_stackheap                 0x080010b5   Thumb Code     0  startup_stm32f10x_hd.o(.text)
    NVIC_PriorityGroupConfig                 0x080010d9   Thumb Code    10  misc.o(.text)
    NVIC_Init                                0x080010e3   Thumb Code   100  misc.o(.text)
    NVIC_SetVectorTable                      0x08001147   Thumb Code    14  misc.o(.text)
    NVIC_SystemLPConfig                      0x08001155   Thumb Code    34  misc.o(.text)
    SysTick_CLKSourceConfig                  0x08001177   Thumb Code    40  misc.o(.text)
    GPIO_DeInit                              0x080011b5   Thumb Code   172  stm32f10x_gpio.o(.text)
    GPIO_AFIODeInit                          0x08001261   Thumb Code    20  stm32f10x_gpio.o(.text)
    GPIO_Init                                0x08001275   Thumb Code   278  stm32f10x_gpio.o(.text)
    GPIO_StructInit                          0x0800138b   Thumb Code    16  stm32f10x_gpio.o(.text)
    GPIO_ReadInputDataBit                    0x0800139b   Thumb Code    18  stm32f10x_gpio.o(.text)
    GPIO_ReadInputData                       0x080013ad   Thumb Code     8  stm32f10x_gpio.o(.text)
    GPIO_ReadOutputDataBit                   0x080013b5   Thumb Code    18  stm32f10x_gpio.o(.text)
    GPIO_ReadOutputData                      0x080013c7   Thumb Code     8  stm32f10x_gpio.o(.text)
    GPIO_SetBits                             0x080013cf   Thumb Code     4  stm32f10x_gpio.o(.text)
    GPIO_ResetBits                           0x080013d3   Thumb Code     4  stm32f10x_gpio.o(.text)
    GPIO_WriteBit                            0x080013d7   Thumb Code    10  stm32f10x_gpio.o(.text)
    GPIO_Write                               0x080013e1   Thumb Code     4  stm32f10x_gpio.o(.text)
    GPIO_PinLockConfig                       0x080013e5   Thumb Code    18  stm32f10x_gpio.o(.text)
    GPIO_EventOutputConfig                   0x080013f7   Thumb Code    26  stm32f10x_gpio.o(.text)
    GPIO_EventOutputCmd                      0x08001411   Thumb Code     6  stm32f10x_gpio.o(.text)
    GPIO_PinRemapConfig                      0x08001417   Thumb Code   138  stm32f10x_gpio.o(.text)
    GPIO_EXTILineConfig                      0x080014a1   Thumb Code    66  stm32f10x_gpio.o(.text)
    GPIO_ETH_MediaInterfaceConfig            0x080014e3   Thumb Code     8  stm32f10x_gpio.o(.text)
    RCC_DeInit                               0x08001511   Thumb Code    64  stm32f10x_rcc.o(.text)
    RCC_HSEConfig                            0x08001551   Thumb Code    70  stm32f10x_rcc.o(.text)
    RCC_GetFlagStatus                        0x08001597   Thumb Code    56  stm32f10x_rcc.o(.text)
    RCC_WaitForHSEStartUp                    0x080015cf   Thumb Code    56  stm32f10x_rcc.o(.text)
    RCC_AdjustHSICalibrationValue            0x08001607   Thumb Code    20  stm32f10x_rcc.o(.text)
    RCC_HSICmd                               0x0800161b   Thumb Code     6  stm32f10x_rcc.o(.text)
    RCC_PLLConfig                            0x08001621   Thumb Code    24  stm32f10x_rcc.o(.text)
    RCC_PLLCmd                               0x08001639   Thumb Code     6  stm32f10x_rcc.o(.text)
    RCC_SYSCLKConfig                         0x0800163f   Thumb Code    18  stm32f10x_rcc.o(.text)
    RCC_GetSYSCLKSource                      0x08001651   Thumb Code    10  stm32f10x_rcc.o(.text)
    RCC_HCLKConfig                           0x0800165b   Thumb Code    18  stm32f10x_rcc.o(.text)
    RCC_PCLK1Config                          0x0800166d   Thumb Code    18  stm32f10x_rcc.o(.text)
    RCC_PCLK2Config                          0x0800167f   Thumb Code    20  stm32f10x_rcc.o(.text)
    RCC_ITConfig                             0x08001693   Thumb Code    26  stm32f10x_rcc.o(.text)
    RCC_USBCLKConfig                         0x080016ad   Thumb Code     8  stm32f10x_rcc.o(.text)
    RCC_ADCCLKConfig                         0x080016b5   Thumb Code    18  stm32f10x_rcc.o(.text)
    RCC_LSEConfig                            0x080016c7   Thumb Code    50  stm32f10x_rcc.o(.text)
    RCC_LSICmd                               0x080016f9   Thumb Code     6  stm32f10x_rcc.o(.text)
    RCC_RTCCLKConfig                         0x080016ff   Thumb Code    12  stm32f10x_rcc.o(.text)
    RCC_RTCCLKCmd                            0x0800170b   Thumb Code     8  stm32f10x_rcc.o(.text)
    RCC_GetClocksFreq                        0x08001713   Thumb Code   192  stm32f10x_rcc.o(.text)
    RCC_AHBPeriphClockCmd                    0x080017d3   Thumb Code    26  stm32f10x_rcc.o(.text)
    RCC_APB2PeriphClockCmd                   0x080017ed   Thumb Code    26  stm32f10x_rcc.o(.text)
    RCC_APB1PeriphClockCmd                   0x08001807   Thumb Code    26  stm32f10x_rcc.o(.text)
    RCC_APB2PeriphResetCmd                   0x08001821   Thumb Code    26  stm32f10x_rcc.o(.text)
    RCC_APB1PeriphResetCmd                   0x0800183b   Thumb Code    26  stm32f10x_rcc.o(.text)
    RCC_BackupResetCmd                       0x08001855   Thumb Code     8  stm32f10x_rcc.o(.text)
    RCC_ClockSecuritySystemCmd               0x0800185d   Thumb Code     6  stm32f10x_rcc.o(.text)
    RCC_MCOConfig                            0x08001863   Thumb Code     6  stm32f10x_rcc.o(.text)
    RCC_ClearFlag                            0x08001869   Thumb Code    14  stm32f10x_rcc.o(.text)
    RCC_GetITStatus                          0x08001877   Thumb Code    20  stm32f10x_rcc.o(.text)
    RCC_ClearITPendingBit                    0x0800188b   Thumb Code     6  stm32f10x_rcc.o(.text)
    USART_DeInit                             0x080018b5   Thumb Code   134  stm32f10x_usart.o(.text)
    USART_Init                               0x0800193b   Thumb Code   210  stm32f10x_usart.o(.text)
    USART_StructInit                         0x08001a0d   Thumb Code    24  stm32f10x_usart.o(.text)
    USART_ClockInit                          0x08001a25   Thumb Code    34  stm32f10x_usart.o(.text)
    USART_ClockStructInit                    0x08001a47   Thumb Code    12  stm32f10x_usart.o(.text)
    USART_Cmd                                0x08001a53   Thumb Code    24  stm32f10x_usart.o(.text)
    USART_ITConfig                           0x08001a6b   Thumb Code    74  stm32f10x_usart.o(.text)
    USART_DMACmd                             0x08001ab5   Thumb Code    18  stm32f10x_usart.o(.text)
    USART_SetAddress                         0x08001ac7   Thumb Code    18  stm32f10x_usart.o(.text)
    USART_WakeUpConfig                       0x08001ad9   Thumb Code    18  stm32f10x_usart.o(.text)
    USART_ReceiverWakeUpCmd                  0x08001aeb   Thumb Code    24  stm32f10x_usart.o(.text)
    USART_LINBreakDetectLengthConfig         0x08001b03   Thumb Code    18  stm32f10x_usart.o(.text)
    USART_LINCmd                             0x08001b15   Thumb Code    24  stm32f10x_usart.o(.text)
    USART_SendData                           0x08001b2d   Thumb Code     8  stm32f10x_usart.o(.text)
    USART_ReceiveData                        0x08001b35   Thumb Code    10  stm32f10x_usart.o(.text)
    USART_SendBreak                          0x08001b3f   Thumb Code    10  stm32f10x_usart.o(.text)
    USART_SetGuardTime                       0x08001b49   Thumb Code    16  stm32f10x_usart.o(.text)
    USART_SetPrescaler                       0x08001b59   Thumb Code    16  stm32f10x_usart.o(.text)
    USART_SmartCardCmd                       0x08001b69   Thumb Code    24  stm32f10x_usart.o(.text)
    USART_SmartCardNACKCmd                   0x08001b81   Thumb Code    24  stm32f10x_usart.o(.text)
    USART_HalfDuplexCmd                      0x08001b99   Thumb Code    24  stm32f10x_usart.o(.text)
    USART_OverSampling8Cmd                   0x08001bb1   Thumb Code    22  stm32f10x_usart.o(.text)
    USART_OneBitMethodCmd                    0x08001bc7   Thumb Code    24  stm32f10x_usart.o(.text)
    USART_IrDAConfig                         0x08001bdf   Thumb Code    18  stm32f10x_usart.o(.text)
    USART_IrDACmd                            0x08001bf1   Thumb Code    24  stm32f10x_usart.o(.text)
    USART_GetFlagStatus                      0x08001c09   Thumb Code    26  stm32f10x_usart.o(.text)
    USART_ClearFlag                          0x08001c23   Thumb Code    18  stm32f10x_usart.o(.text)
    USART_GetITStatus                        0x08001c35   Thumb Code    84  stm32f10x_usart.o(.text)
    USART_ClearITPendingBit                  0x08001c89   Thumb Code    52  stm32f10x_usart.o(.text)
    ADC_DeInit                               0x08001cbd   Thumb Code    78  stm32f10x_adc.o(.text)
    ADC_Init                                 0x08001d0b   Thumb Code    70  stm32f10x_adc.o(.text)
    ADC_StructInit                           0x08001d51   Thumb Code    18  stm32f10x_adc.o(.text)
    ADC_Cmd                                  0x08001d63   Thumb Code    22  stm32f10x_adc.o(.text)
    ADC_DMACmd                               0x08001d79   Thumb Code    22  stm32f10x_adc.o(.text)
    ADC_ITConfig                             0x08001d8f   Thumb Code    24  stm32f10x_adc.o(.text)
    ADC_ResetCalibration                     0x08001da7   Thumb Code    10  stm32f10x_adc.o(.text)
    ADC_GetResetCalibrationStatus            0x08001db1   Thumb Code    20  stm32f10x_adc.o(.text)
    ADC_StartCalibration                     0x08001dc5   Thumb Code    10  stm32f10x_adc.o(.text)
    ADC_GetCalibrationStatus                 0x08001dcf   Thumb Code    20  stm32f10x_adc.o(.text)
    ADC_SoftwareStartConvCmd                 0x08001de3   Thumb Code    22  stm32f10x_adc.o(.text)
    ADC_GetSoftwareStartConvStatus           0x08001df9   Thumb Code    20  stm32f10x_adc.o(.text)
    ADC_DiscModeChannelCountConfig           0x08001e0d   Thumb Code    24  stm32f10x_adc.o(.text)
    ADC_DiscModeCmd                          0x08001e25   Thumb Code    22  stm32f10x_adc.o(.text)
    ADC_RegularChannelConfig                 0x08001e3b   Thumb Code   184  stm32f10x_adc.o(.text)
    ADC_ExternalTrigConvCmd                  0x08001ef3   Thumb Code    22  stm32f10x_adc.o(.text)
    ADC_GetConversionValue                   0x08001f09   Thumb Code     8  stm32f10x_adc.o(.text)
    ADC_GetDualModeConversionValue           0x08001f11   Thumb Code     8  stm32f10x_adc.o(.text)
    ADC_AutoInjectedConvCmd                  0x08001f19   Thumb Code    22  stm32f10x_adc.o(.text)
    ADC_InjectedDiscModeCmd                  0x08001f2f   Thumb Code    22  stm32f10x_adc.o(.text)
    ADC_ExternalTrigInjectedConvConfig       0x08001f45   Thumb Code    16  stm32f10x_adc.o(.text)
    ADC_ExternalTrigInjectedConvCmd          0x08001f55   Thumb Code    22  stm32f10x_adc.o(.text)
    ADC_SoftwareStartInjectedConvCmd         0x08001f6b   Thumb Code    22  stm32f10x_adc.o(.text)
    ADC_GetSoftwareStartInjectedConvCmdStatus 0x08001f81   Thumb Code    20  stm32f10x_adc.o(.text)
    ADC_InjectedChannelConfig                0x08001f95   Thumb Code   130  stm32f10x_adc.o(.text)
    ADC_InjectedSequencerLengthConfig        0x08002017   Thumb Code    24  stm32f10x_adc.o(.text)
    ADC_SetInjectedOffset                    0x0800202f   Thumb Code    20  stm32f10x_adc.o(.text)
    ADC_GetInjectedConversionValue           0x08002043   Thumb Code    28  stm32f10x_adc.o(.text)
    ADC_AnalogWatchdogCmd                    0x0800205f   Thumb Code    16  stm32f10x_adc.o(.text)
    ADC_AnalogWatchdogThresholdsConfig       0x0800206f   Thumb Code     6  stm32f10x_adc.o(.text)
    ADC_AnalogWatchdogSingleChannelConfig    0x08002075   Thumb Code    16  stm32f10x_adc.o(.text)
    ADC_TempSensorVrefintCmd                 0x08002085   Thumb Code    64  stm32f10x_adc.o(.text)
    ADC_GetFlagStatus                        0x080020c5   Thumb Code    18  stm32f10x_adc.o(.text)
    ADC_ClearFlag                            0x080020d7   Thumb Code     6  stm32f10x_adc.o(.text)
    ADC_GetITStatus                          0x080020dd   Thumb Code    36  stm32f10x_adc.o(.text)
    ADC_ClearITPendingBit                    0x08002101   Thumb Code    10  stm32f10x_adc.o(.text)
    __use_two_region_memory                  0x0800210b   Thumb Code     2  heapauxi.o(.text)
    __rt_heap_escrow$2region                 0x0800210d   Thumb Code     2  heapauxi.o(.text)
    __rt_heap_expand$2region                 0x0800210f   Thumb Code     2  heapauxi.o(.text)
    __user_setup_stackheap                   0x08002111   Thumb Code    74  sys_stackheap_outer.o(.text)
    exit                                     0x0800215b   Thumb Code    12  exit.o(.text)
    __user_libspace                          0x08002169   Thumb Code     8  libspace.o(.text)
    __user_perproc_libspace                  0x08002169   Thumb Code     0  libspace.o(.text)
    __user_perthread_libspace                0x08002169   Thumb Code     0  libspace.o(.text)
    _sys_exit                                0x08002171   Thumb Code     8  sys_exit.o(.text)
    __I$use$semihosting                      0x0800217d   Thumb Code     0  use_no_semi.o(.text)
    __use_no_semihosting_swi                 0x0800217d   Thumb Code     2  use_no_semi.o(.text)
    __semihosting_library_function           0x0800217f   Thumb Code     0  indicate_semi.o(.text)
    __aeabi_d2f                              0x08002181   Thumb Code     0  d2f.o(x$fpl$d2f)
    _d2f                                     0x08002181   Thumb Code    98  d2f.o(x$fpl$d2f)
    __aeabi_ddiv                             0x080021e5   Thumb Code     0  ddiv.o(x$fpl$ddiv)
    _ddiv                                    0x080021e5   Thumb Code   552  ddiv.o(x$fpl$ddiv)
    __aeabi_d2uiz                            0x08002495   Thumb Code     0  dfixu.o(x$fpl$dfixu)
    _dfixu                                   0x08002495   Thumb Code    90  dfixu.o(x$fpl$dfixu)
    __aeabi_dmul                             0x080024f1   Thumb Code     0  dmul.o(x$fpl$dmul)
    _dmul                                    0x080024f1   Thumb Code   332  dmul.o(x$fpl$dmul)
    __fpl_dnaninf                            0x08002645   Thumb Code   156  dnaninf.o(x$fpl$dnaninf)
    __fpl_dretinf                            0x080026e1   Thumb Code    12  dretinf.o(x$fpl$dretinf)
    __aeabi_f2d                              0x080026ed   Thumb Code     0  f2d.o(x$fpl$f2d)
    _f2d                                     0x080026ed   Thumb Code    86  f2d.o(x$fpl$f2d)
    __fpl_fcmp_Inf                           0x08002743   Thumb Code    24  fcmpi.o(x$fpl$fcmpinf)
    __aeabi_ui2f                             0x0800275d   Thumb Code     0  fflt_clz.o(x$fpl$ffltu)
    _ffltu                                   0x0800275d   Thumb Code    38  fflt_clz.o(x$fpl$ffltu)
    __aeabi_cfcmple                          0x08002785   Thumb Code     0  fleqf.o(x$fpl$fleqf)
    _fcmple                                  0x08002785   Thumb Code   104  fleqf.o(x$fpl$fleqf)
    __fpl_fcmple_InfNaN                      0x080027d7   Thumb Code     0  fleqf.o(x$fpl$fleqf)
    __fpl_fnaninf                            0x080027ed   Thumb Code   140  fnaninf.o(x$fpl$fnaninf)
    __fpl_fretinf                            0x08002879   Thumb Code    10  fretinf.o(x$fpl$fretinf)
    __aeabi_cfrcmple                         0x08002883   Thumb Code     0  frleqf.o(x$fpl$frleqf)
    _frcmple                                 0x08002883   Thumb Code    98  frleqf.o(x$fpl$frleqf)
    __I$use$fp                               0x080028e4   Number         0  usenofp.o(x$fpl$usenofp)
    Region$$Table$$Base                      0x08002a88   Number         0  anon$$obj.o(Region$$Table)
    Region$$Table$$Limit                     0x08002aa8   Number         0  anon$$obj.o(Region$$Table)
    state                                    0x20000000   Data           1  main_1.o(.data)
    val                                      0x20000002   Data           2  main_1.o(.data)
    value_AD                                 0x20000004   Data           2  main_1.o(.data)
    PRESS_AO                                 0x20000008   Data           4  main_1.o(.data)
    VOLTAGE_AO                               0x2000000c   Data           4  main_1.o(.data)
    SystemCoreClock                          0x20000010   Data           4  system_stm32f10x.o(.data)
    AHBPrescTable                            0x20000014   Data          16  system_stm32f10x.o(.data)
    servoErrorCode                           0x20000024   Data           1  servo.o(.data)
    receiveBufferStart                       0x20000028   Data           4  servo.o(.data)
    receiveBufferEnd                         0x2000002c   Data           4  servo.o(.data)
    USART_RX_STA                             0x20000034   Data           2  usart.o(.data)
    receiveBuffer                            0x2000004c   Data          32  servo.o(.bss)
    USART_RX_BUF                             0x2000006c   Data         200  usart.o(.bss)
    __libspace_start                         0x20000134   Data          96  libspace.o(.bss)
    __temporary_stack_top$libspace           0x20000194   Data           0  libspace.o(.bss)



==============================================================================

Memory Map of the image

  Image Entry point : 0x08000131

  Load Region LR_IROM1 (Base: 0x08000000, Size: 0x00002af4, Max: 0x00080000, ABSOLUTE)

    Execution Region ER_IROM1 (Base: 0x08000000, Size: 0x00002aa8, Max: 0x00080000, ABSOLUTE)

    Base Addr    Size         Type   Attr      Idx    E Section Name        Object

    0x08000000   0x00000130   Data   RO          286    RESET               startup_stm32f10x_hd.o
    0x08000130   0x00000008   Code   RO          376  * !!!main             c_w.l(__main.o)
    0x08000138   0x00000034   Code   RO          567    !!!scatter          c_w.l(__scatter.o)
    0x0800016c   0x0000001a   Code   RO          569    !!handler_copy      c_w.l(__scatter_copy.o)
    0x08000186   0x00000002   PAD
    0x08000188   0x0000001c   Code   RO          571    !!handler_zi        c_w.l(__scatter_zi.o)
    0x080001a4   0x00000002   Code   RO          438    .ARM.Collect$$libinit$$00000000  c_w.l(libinit.o)
    0x080001a6   0x00000000   Code   RO          445    .ARM.Collect$$libinit$$00000002  c_w.l(libinit2.o)
    0x080001a6   0x00000000   Code   RO          447    .ARM.Collect$$libinit$$00000004  c_w.l(libinit2.o)
    0x080001a6   0x00000000   Code   RO          450    .ARM.Collect$$libinit$$0000000A  c_w.l(libinit2.o)
    0x080001a6   0x00000000   Code   RO          452    .ARM.Collect$$libinit$$0000000C  c_w.l(libinit2.o)
    0x080001a6   0x00000000   Code   RO          454    .ARM.Collect$$libinit$$0000000E  c_w.l(libinit2.o)
    0x080001a6   0x00000000   Code   RO          457    .ARM.Collect$$libinit$$00000011  c_w.l(libinit2.o)
    0x080001a6   0x00000000   Code   RO          459    .ARM.Collect$$libinit$$00000013  c_w.l(libinit2.o)
    0x080001a6   0x00000000   Code   RO          461    .ARM.Collect$$libinit$$00000015  c_w.l(libinit2.o)
    0x080001a6   0x00000000   Code   RO          463    .ARM.Collect$$libinit$$00000017  c_w.l(libinit2.o)
    0x080001a6   0x00000000   Code   RO          465    .ARM.Collect$$libinit$$00000019  c_w.l(libinit2.o)
    0x080001a6   0x00000000   Code   RO          467    .ARM.Collect$$libinit$$0000001B  c_w.l(libinit2.o)
    0x080001a6   0x00000000   Code   RO          469    .ARM.Collect$$libinit$$0000001D  c_w.l(libinit2.o)
    0x080001a6   0x00000000   Code   RO          471    .ARM.Collect$$libinit$$0000001F  c_w.l(libinit2.o)
    0x080001a6   0x00000000   Code   RO          473    .ARM.Collect$$libinit$$00000021  c_w.l(libinit2.o)
    0x080001a6   0x00000000   Code   RO          475    .ARM.Collect$$libinit$$00000023  c_w.l(libinit2.o)
    0x080001a6   0x00000000   Code   RO          477    .ARM.Collect$$libinit$$00000025  c_w.l(libinit2.o)
    0x080001a6   0x00000000   Code   RO          481    .ARM.Collect$$libinit$$0000002C  c_w.l(libinit2.o)
    0x080001a6   0x00000000   Code   RO          483    .ARM.Collect$$libinit$$0000002E  c_w.l(libinit2.o)
    0x080001a6   0x00000000   Code   RO          485    .ARM.Collect$$libinit$$00000030  c_w.l(libinit2.o)
    0x080001a6   0x00000000   Code   RO          487    .ARM.Collect$$libinit$$00000032  c_w.l(libinit2.o)
    0x080001a6   0x00000002   Code   RO          488    .ARM.Collect$$libinit$$00000033  c_w.l(libinit2.o)
    0x080001a8   0x00000002   Code   RO          508    .ARM.Collect$$libshutdown$$00000000  c_w.l(libshutdown.o)
    0x080001aa   0x00000000   Code   RO          522    .ARM.Collect$$libshutdown$$00000003  c_w.l(libshutdown2.o)
    0x080001aa   0x00000000   Code   RO          525    .ARM.Collect$$libshutdown$$00000006  c_w.l(libshutdown2.o)
    0x080001aa   0x00000000   Code   RO          528    .ARM.Collect$$libshutdown$$00000009  c_w.l(libshutdown2.o)
    0x080001aa   0x00000000   Code   RO          530    .ARM.Collect$$libshutdown$$0000000B  c_w.l(libshutdown2.o)
    0x080001aa   0x00000000   Code   RO          533    .ARM.Collect$$libshutdown$$0000000E  c_w.l(libshutdown2.o)
    0x080001aa   0x00000002   Code   RO          534    .ARM.Collect$$libshutdown$$0000000F  c_w.l(libshutdown2.o)
    0x080001ac   0x00000000   Code   RO          402    .ARM.Collect$$rtentry$$00000000  c_w.l(__rtentry.o)
    0x080001ac   0x00000000   Code   RO          415    .ARM.Collect$$rtentry$$00000002  c_w.l(__rtentry2.o)
    0x080001ac   0x00000006   Code   RO          427    .ARM.Collect$$rtentry$$00000004  c_w.l(__rtentry4.o)
    0x080001b2   0x00000000   Code   RO          417    .ARM.Collect$$rtentry$$00000009  c_w.l(__rtentry2.o)
    0x080001b2   0x00000004   Code   RO          418    .ARM.Collect$$rtentry$$0000000A  c_w.l(__rtentry2.o)
    0x080001b6   0x00000000   Code   RO          420    .ARM.Collect$$rtentry$$0000000C  c_w.l(__rtentry2.o)
    0x080001b6   0x00000008   Code   RO          421    .ARM.Collect$$rtentry$$0000000D  c_w.l(__rtentry2.o)
    0x080001be   0x00000002   Code   RO          442    .ARM.Collect$$rtexit$$00000000  c_w.l(rtexit.o)
    0x080001c0   0x00000000   Code   RO          490    .ARM.Collect$$rtexit$$00000002  c_w.l(rtexit2.o)
    0x080001c0   0x00000004   Code   RO          491    .ARM.Collect$$rtexit$$00000003  c_w.l(rtexit2.o)
    0x080001c4   0x00000006   Code   RO          492    .ARM.Collect$$rtexit$$00000004  c_w.l(rtexit2.o)
    0x080001ca   0x00000002   PAD
    0x080001cc   0x000000f0   Code   RO            1    .text               main_1.o
    0x080002bc   0x000001e0   Code   RO          129    .text               system_stm32f10x.o
    0x0800049c   0x000007a4   Code   RO          175    .text               servo.o
    0x08000c40   0x000000e8   Code   RO          217    .text               adc.o
    0x08000d28   0x000000d4   Code   RO          230    .text               delay.o
    0x08000dfc   0x0000000c   Code   RO          245    .text               sys.o
    0x08000e08   0x00000290   Code   RO          258    .text               usart.o
    0x08001098   0x00000040   Code   RO          287    .text               startup_stm32f10x_hd.o
    0x080010d8   0x000000dc   Code   RO          305    .text               misc.o
    0x080011b4   0x0000035c   Code   RO          318    .text               stm32f10x_gpio.o
    0x08001510   0x000003a4   Code   RO          331    .text               stm32f10x_rcc.o
    0x080018b4   0x00000408   Code   RO          346    .text               stm32f10x_usart.o
    0x08001cbc   0x0000044e   Code   RO          359    .text               stm32f10x_adc.o
    0x0800210a   0x00000006   Code   RO          374    .text               c_w.l(heapauxi.o)
    0x08002110   0x0000004a   Code   RO          429    .text               c_w.l(sys_stackheap_outer.o)
    0x0800215a   0x0000000c   Code   RO          431    .text               c_w.l(exit.o)
    0x08002166   0x00000002   PAD
    0x08002168   0x00000008   Code   RO          439    .text               c_w.l(libspace.o)
    0x08002170   0x0000000c   Code   RO          500    .text               c_w.l(sys_exit.o)
    0x0800217c   0x00000002   Code   RO          511    .text               c_w.l(use_no_semi.o)
    0x0800217e   0x00000000   Code   RO          513    .text               c_w.l(indicate_semi.o)
    0x0800217e   0x00000002   PAD
    0x08002180   0x00000062   Code   RO          378    x$fpl$d2f           fz_ws.l(d2f.o)
    0x080021e2   0x00000002   PAD
    0x080021e4   0x000002b0   Code   RO          381    x$fpl$ddiv          fz_ws.l(ddiv.o)
    0x08002494   0x0000005a   Code   RO          384    x$fpl$dfixu         fz_ws.l(dfixu.o)
    0x080024ee   0x00000002   PAD
    0x080024f0   0x00000154   Code   RO          388    x$fpl$dmul          fz_ws.l(dmul.o)
    0x08002644   0x0000009c   Code   RO          403    x$fpl$dnaninf       fz_ws.l(dnaninf.o)
    0x080026e0   0x0000000c   Code   RO          405    x$fpl$dretinf       fz_ws.l(dretinf.o)
    0x080026ec   0x00000056   Code   RO          390    x$fpl$f2d           fz_ws.l(f2d.o)
    0x08002742   0x00000018   Code   RO          407    x$fpl$fcmpinf       fz_ws.l(fcmpi.o)
    0x0800275a   0x00000002   PAD
    0x0800275c   0x00000026   Code   RO          392    x$fpl$ffltu         fz_ws.l(fflt_clz.o)
    0x08002782   0x00000002   PAD
    0x08002784   0x00000068   Code   RO          398    x$fpl$fleqf         fz_ws.l(fleqf.o)
    0x080027ec   0x0000008c   Code   RO          409    x$fpl$fnaninf       fz_ws.l(fnaninf.o)
    0x08002878   0x0000000a   Code   RO          411    x$fpl$fretinf       fz_ws.l(fretinf.o)
    0x08002882   0x00000062   Code   RO          400    x$fpl$frleqf        fz_ws.l(frleqf.o)
    0x080028e4   0x00000000   Code   RO          413    x$fpl$usenofp       fz_ws.l(usenofp.o)
    0x080028e4   0x00000025   Data   RO          178    .constdata          servo.o
    0x08002909   0x00000003   PAD
    0x0800290c   0x0000017a   Data   RO          179    .conststring        servo.o
    0x08002a86   0x00000002   PAD
    0x08002a88   0x00000020   Data   RO          565    Region$$Table       anon$$obj.o


    Execution Region RW_IRAM1 (Base: 0x20000000, Size: 0x00000798, Max: 0x00010000, ABSOLUTE)

    Base Addr    Size         Type   Attr      Idx    E Section Name        Object

    0x20000000   0x00000010   Data   RW            3    .data               main_1.o
    0x20000010   0x00000014   Data   RW          131    .data               system_stm32f10x.o
    0x20000024   0x0000000c   Data   RW          180    .data               servo.o
    0x20000030   0x00000004   Data   RW          232    .data               delay.o
    0x20000034   0x00000002   Data   RW          261    .data               usart.o
    0x20000036   0x00000014   Data   RW          333    .data               stm32f10x_rcc.o
    0x2000004a   0x00000002   PAD
    0x2000004c   0x00000020   Zero   RW          177    .bss                servo.o
    0x2000006c   0x000000c8   Zero   RW          260    .bss                usart.o
    0x20000134   0x00000060   Zero   RW          440    .bss                c_w.l(libspace.o)
    0x20000194   0x00000004   PAD
    0x20000198   0x00000200   Zero   RW          285    HEAP                startup_stm32f10x_hd.o
    0x20000398   0x00000400   Zero   RW          284    STACK               startup_stm32f10x_hd.o


==============================================================================

Image component sizes


      Code (inc. data)   RO Data    RW Data    ZI Data      Debug   Object Name

       232          8          0          0          0       1075   adc.o
       212         18          0          4          0       1027   delay.o
       240         44          0         16          0     242472   main_1.o
       220         22          0          0          0       1837   misc.o
      1956        256        415         12         32      10279   servo.o
        64         26        304          0       1536        828   startup_stm32f10x_hd.o
      1102         26          0          0          0      10937   stm32f10x_adc.o
       860         38          0          0          0       5705   stm32f10x_gpio.o
       932         36          0         20          0       8884   stm32f10x_rcc.o
      1032         22          0          0          0       8456   stm32f10x_usart.o
        12          0          0          0          0        457   sys.o
       480         38          0         20          0       1771   system_stm32f10x.o
       656         16          0          2        200       3256   usart.o

    ----------------------------------------------------------------------
      7998        550        756         76       1768     296984   Object Totals
         0          0         32          0          0          0   (incl. Generated)
         0          0          5          2          0          0   (incl. Padding)

    ----------------------------------------------------------------------

      Code (inc. data)   RO Data    RW Data    ZI Data      Debug   Library Member Name

         8          0          0          0          0         68   __main.o
         0          0          0          0          0          0   __rtentry.o
        12          0          0          0          0          0   __rtentry2.o
         6          0          0          0          0          0   __rtentry4.o
        52          8          0          0          0          0   __scatter.o
        26          0          0          0          0          0   __scatter_copy.o
        28          0          0          0          0          0   __scatter_zi.o
        12          0          0          0          0         72   exit.o
         6          0          0          0          0        152   heapauxi.o
         0          0          0          0          0          0   indicate_semi.o
         2          0          0          0          0          0   libinit.o
         2          0          0          0          0          0   libinit2.o
         2          0          0          0          0          0   libshutdown.o
         2          0          0          0          0          0   libshutdown2.o
         8          4          0          0         96         68   libspace.o
         2          0          0          0          0          0   rtexit.o
        10          0          0          0          0          0   rtexit2.o
        12          4          0          0          0         68   sys_exit.o
        74          0          0          0          0         80   sys_stackheap_outer.o
         2          0          0          0          0         68   use_no_semi.o
        98          4          0          0          0         92   d2f.o
       688        140          0          0          0        208   ddiv.o
        90          4          0          0          0         92   dfixu.o
       340         12          0          0          0        104   dmul.o
       156          4          0          0          0         92   dnaninf.o
        12          0          0          0          0         68   dretinf.o
        86          4          0          0          0         84   f2d.o
        24          0          0          0          0         68   fcmpi.o
        38          0          0          0          0         68   fflt_clz.o
       104          4          0          0          0         84   fleqf.o
       140          4          0          0          0         84   fnaninf.o
        10          0          0          0          0         68   fretinf.o
        98          0          0          0          0         68   frleqf.o
         0          0          0          0          0          0   usenofp.o

    ----------------------------------------------------------------------
      2166        192          0          0        100       1756   Library Totals
        16          0          0          0          4          0   (incl. Padding)

    ----------------------------------------------------------------------

      Code (inc. data)   RO Data    RW Data    ZI Data      Debug   Library Name

       266         16          0          0         96        576   c_w.l
      1884        176          0          0          0       1180   fz_ws.l

    ----------------------------------------------------------------------
      2166        192          0          0        100       1756   Library Totals

    ----------------------------------------------------------------------

==============================================================================


      Code (inc. data)   RO Data    RW Data    ZI Data      Debug   

     10164        742        756         76       1868     296812   Grand Totals
     10164        742        756         76       1868     296812   ELF Image Totals
     10164        742        756         76          0          0   ROM Totals

==============================================================================

    Total RO  Size (Code + RO Data)                10920 (  10.66kB)
    Total RW  Size (RW Data + ZI Data)              1944 (   1.90kB)
    Total ROM Size (Code + RO Data + RW Data)      10996 (  10.74kB)

==============================================================================

